Component: ARM Compiler 5.06 update 5 (build 528) Tool: armlink [4d35e2]

==============================================================================

Section Cross References

    startup_stm32h750xx.o(STACK) refers (Special) to heapauxi.o(.text) for __use_two_region_memory
    startup_stm32h750xx.o(HEAP) refers (Special) to heapauxi.o(.text) for __use_two_region_memory
    startup_stm32h750xx.o(RESET) refers (Special) to heapauxi.o(.text) for __use_two_region_memory
    startup_stm32h750xx.o(RESET) refers to startup_stm32h750xx.o(STACK) for __initial_sp
    startup_stm32h750xx.o(RESET) refers to startup_stm32h750xx.o(.text) for Reset_Handler
    startup_stm32h750xx.o(RESET) refers to stm32h7xx_it.o(i.NMI_Handler) for NMI_Handler
    startup_stm32h750xx.o(RESET) refers to stm32h7xx_it.o(i.HardFault_Handler) for HardFault_Handler
    startup_stm32h750xx.o(RESET) refers to stm32h7xx_it.o(i.MemManage_Handler) for MemManage_Handler
    startup_stm32h750xx.o(RESET) refers to stm32h7xx_it.o(i.BusFault_Handler) for BusFault_Handler
    startup_stm32h750xx.o(RESET) refers to stm32h7xx_it.o(i.UsageFault_Handler) for UsageFault_Handler
    startup_stm32h750xx.o(RESET) refers to stm32h7xx_it.o(i.SVC_Handler) for SVC_Handler
    startup_stm32h750xx.o(RESET) refers to stm32h7xx_it.o(i.DebugMon_Handler) for DebugMon_Handler
    startup_stm32h750xx.o(RESET) refers to stm32h7xx_it.o(i.PendSV_Handler) for PendSV_Handler
    startup_stm32h750xx.o(RESET) refers to stm32h7xx_it.o(i.SysTick_Handler) for SysTick_Handler
    startup_stm32h750xx.o(RESET) refers to stm32h7xx_it.o(i.USART2_IRQHandler) for USART2_IRQHandler
    startup_stm32h750xx.o(.text) refers (Special) to heapauxi.o(.text) for __use_two_region_memory
    startup_stm32h750xx.o(.text) refers to system_stm32h7xx.o(i.ExitRun0Mode) for ExitRun0Mode
    startup_stm32h750xx.o(.text) refers to system_stm32h7xx.o(i.SystemInit) for SystemInit
    startup_stm32h750xx.o(.text) refers to __main.o(!!!main) for __main
    startup_stm32h750xx.o(.text) refers to startup_stm32h750xx.o(HEAP) for Heap_Mem
    startup_stm32h750xx.o(.text) refers to startup_stm32h750xx.o(STACK) for Stack_Mem
    main.o(i.Analyze_FilterType) refers to _printf_percent.o(.ARM.Collect$$_printf_percent$$00000000) for _printf_percent
    main.o(i.Analyze_FilterType) refers to _printf_u.o(.ARM.Collect$$_printf_percent$$0000000A) for _printf_u
    main.o(i.Analyze_FilterType) refers to _printf_dec.o(.text) for _printf_int_dec
    main.o(i.Analyze_FilterType) refers to noretval__2sprintf.o(.text) for __2sprintf
    main.o(i.Analyze_FilterType) refers to usart2.o(i.usart2_send_string) for usart2_send_string
    main.o(i.Analyze_FilterType) refers to usart2.o(i.usart2_send_byte) for usart2_send_byte
    main.o(i.Analyze_FilterType) refers to usart2.o(.bss) for sweep_vpp_data
    main.o(i.MX_ADC1_Init) refers to rt_memclr_w.o(.text) for __aeabi_memclr4
    main.o(i.MX_ADC1_Init) refers to stm32h7xx_hal_adc.o(i.HAL_ADC_Init) for HAL_ADC_Init
    main.o(i.MX_ADC1_Init) refers to stm32h7xx_hal_adc_ex.o(i.HAL_ADCEx_MultiModeConfigChannel) for HAL_ADCEx_MultiModeConfigChannel
    main.o(i.MX_ADC1_Init) refers to stm32h7xx_hal_adc.o(i.HAL_ADC_ConfigChannel) for HAL_ADC_ConfigChannel
    main.o(i.MX_ADC1_Init) refers to stm32h7xx_hal_adc_ex.o(i.HAL_ADCEx_Calibration_Start) for HAL_ADCEx_Calibration_Start
    main.o(i.MX_ADC1_Init) refers to main.o(.bss) for .bss
    main.o(i.MX_USART2_UART_Init) refers to stm32h7xx_hal_uart.o(i.HAL_UART_Init) for HAL_UART_Init
    main.o(i.MX_USART2_UART_Init) refers to stm32h7xx_hal_uart_ex.o(i.HAL_UARTEx_SetTxFifoThreshold) for HAL_UARTEx_SetTxFifoThreshold
    main.o(i.MX_USART2_UART_Init) refers to stm32h7xx_hal_uart_ex.o(i.HAL_UARTEx_SetRxFifoThreshold) for HAL_UARTEx_SetRxFifoThreshold
    main.o(i.MX_USART2_UART_Init) refers to stm32h7xx_hal_uart_ex.o(i.HAL_UARTEx_DisableFifoMode) for HAL_UARTEx_DisableFifoMode
    main.o(i.MX_USART2_UART_Init) refers to main.o(.bss) for .bss
    main.o(i.Sweep_Frequency) refers to _printf_percent.o(.ARM.Collect$$_printf_percent$$00000000) for _printf_percent
    main.o(i.Sweep_Frequency) refers to _printf_u.o(.ARM.Collect$$_printf_percent$$0000000A) for _printf_u
    main.o(i.Sweep_Frequency) refers to _printf_dec.o(.text) for _printf_int_dec
    main.o(i.Sweep_Frequency) refers to ad9910.o(i.AD9910_FreWrite) for AD9910_FreWrite
    main.o(i.Sweep_Frequency) refers to stm32h7xx_hal.o(i.HAL_Delay) for HAL_Delay
    main.o(i.Sweep_Frequency) refers to adc.o(i.ADC1_GetVpp_Voltage) for ADC1_GetVpp_Voltage
    main.o(i.Sweep_Frequency) refers to noretval__2sprintf.o(.text) for __2sprintf
    main.o(i.Sweep_Frequency) refers to usart2.o(i.usart2_send_string) for usart2_send_string
    main.o(i.Sweep_Frequency) refers to usart2.o(i.usart2_send_byte) for usart2_send_byte
    main.o(i.Sweep_Frequency) refers to main.o(i.Analyze_FilterType) for Analyze_FilterType
    main.o(i.Sweep_Frequency) refers to usart2.o(.data) for sweep_running
[...]
    .ARM.Collect$$libinit$$0000001F          0x08000322   Section        0  libinit2.o(.ARM.Collect$$libinit$$0000001F)
    .ARM.Collect$$libinit$$00000021          0x08000322   Section        0  libinit2.o(.ARM.Collect$$libinit$$00000021)
    .ARM.Collect$$libinit$$00000023          0x08000322   Section        0  libinit2.o(.ARM.Collect$$libinit$$00000023)
    .ARM.Collect$$libinit$$00000025          0x08000322   Section        0  libinit2.o(.ARM.Collect$$libinit$$00000025)
    .ARM.Collect$$libinit$$0000002C          0x08000322   Section        0  libinit2.o(.ARM.Collect$$libinit$$0000002C)
    .ARM.Collect$$libinit$$0000002E          0x08000322   Section        0  libinit2.o(.ARM.Collect$$libinit$$0000002E)
    .ARM.Collect$$libinit$$00000030          0x08000322   Section        0  libinit2.o(.ARM.Collect$$libinit$$00000030)
    .ARM.Collect$$libinit$$00000032          0x08000322   Section        0  libinit2.o(.ARM.Collect$$libinit$$00000032)
    .ARM.Collect$$libinit$$00000033          0x08000322   Section        2  libinit2.o(.ARM.Collect$$libinit$$00000033)
    .ARM.Collect$$libshutdown$$00000000      0x08000324   Section        2  libshutdown.o(.ARM.Collect$$libshutdown$$00000000)
    .ARM.Collect$$libshutdown$$00000002      0x08000326   Section        0  libshutdown2.o(.ARM.Collect$$libshutdown$$00000002)
    .ARM.Collect$$libshutdown$$00000004      0x08000326   Section        0  libshutdown2.o(.ARM.Collect$$libshutdown$$00000004)
    .ARM.Collect$$libshutdown$$00000007      0x08000326   Section        0  libshutdown2.o(.ARM.Collect$$libshutdown$$00000007)
    .ARM.Collect$$libshutdown$$0000000A      0x08000326   Section        0  libshutdown2.o(.ARM.Collect$$libshutdown$$0000000A)
    .ARM.Collect$$libshutdown$$0000000C      0x08000326   Section        0  libshutdown2.o(.ARM.Collect$$libshutdown$$0000000C)
    .ARM.Collect$$libshutdown$$0000000F      0x08000326   Section        0  libshutdown2.o(.ARM.Collect$$libshutdown$$0000000F)
    .ARM.Collect$$libshutdown$$00000010      0x08000326   Section        2  libshutdown2.o(.ARM.Collect$$libshutdown$$00000010)
    .ARM.Collect$$rtentry$$00000000          0x08000328   Section        0  __rtentry.o(.ARM.Collect$$rtentry$$00000000)
    .ARM.Collect$$rtentry$$00000002          0x08000328   Section        0  __rtentry2.o(.ARM.Collect$$rtentry$$00000002)
    .ARM.Collect$$rtentry$$00000004          0x08000328   Section        6  __rtentry4.o(.ARM.Collect$$rtentry$$00000004)
    .ARM.Collect$$rtentry$$00000009          0x0800032e   Section        0  __rtentry2.o(.ARM.Collect$$rtentry$$00000009)
    .ARM.Collect$$rtentry$$0000000A          0x0800032e   Section        4  __rtentry2.o(.ARM.Collect$$rtentry$$0000000A)
    .ARM.Collect$$rtentry$$0000000C          0x08000332   Section        0  __rtentry2.o(.ARM.Collect$$rtentry$$0000000C)
    .ARM.Collect$$rtentry$$0000000D          0x08000332   Section        8  __rtentry2.o(.ARM.Collect$$rtentry$$0000000D)
    .ARM.Collect$$rtexit$$00000000           0x0800033a   Section        2  rtexit.o(.ARM.Collect$$rtexit$$00000000)
    .ARM.Collect$$rtexit$$00000002           0x0800033c   Section        0  rtexit2.o(.ARM.Collect$$rtexit$$00000002)
    .ARM.Collect$$rtexit$$00000003           0x0800033c   Section        4  rtexit2.o(.ARM.Collect$$rtexit$$00000003)
    .ARM.Collect$$rtexit$$00000004           0x08000340   Section        6  rtexit2.o(.ARM.Collect$$rtexit$$00000004)
    .text                                    0x08000348   Section       72  startup_stm32h750xx.o(.text)
    $v0                                      0x08000348   Number         0  startup_stm32h750xx.o(.text)
    .text                                    0x08000390   Section      238  lludivv7m.o(.text)
    .text                                    0x08000480   Section        0  noretval__2sprintf.o(.text)
    .text                                    0x080004a8   Section        0  _printf_str.o(.text)
    .text                                    0x080004fc   Section        0  _printf_dec.o(.text)
    .text                                    0x08000574   Section        0  __printf_ss.o(.text)
    .text                                    0x0800062c   Section       78  rt_memclr_w.o(.text)
    .text                                    0x0800067a   Section        0  heapauxi.o(.text)
    .text                                    0x08000680   Section        0  _printf_intcommon.o(.text)
    .text                                    0x08000734   Section        0  _printf_char_common.o(.text)
    _printf_input_char                       0x08000735   Thumb Code    10  _printf_char_common.o(.text)
    .text                                    0x08000764   Section        0  _sputc.o(.text)
    .text                                    0x0800076e   Section        0  _printf_char.o(.text)
    .text                                    0x0800079a   Section       74  sys_stackheap_outer.o(.text)
    .text                                    0x080007e4   Section        0  exit.o(.text)
    .text                                    0x080007f8   Section        8  libspace.o(.text)
    .text                                    0x08000800   Section        0  sys_exit.o(.text)
    .text                                    0x0800080c   Section        2  use_no_semi.o(.text)
    .text                                    0x0800080e   Section        0  indicate_semi.o(.text)
    i.AD9910_AmpWrite                        0x08000810   Section        0  ad9910.o(i.AD9910_AmpWrite)
    i.AD9910_FreWrite                        0x08000824   Section        0  ad9910.o(i.AD9910_FreWrite)
    i.AD9910_IOInit                          0x08000860   Section        0  ad9910.o(i.AD9910_IOInit)
    i.ADC1_GetFrequency                      0x080008e0   Section        0  adc.o(i.ADC1_GetFrequency)
    i.ADC1_GetVpp_Voltage                    0x080009f8   Section        0  adc.o(i.ADC1_GetVpp_Voltage)
    i.ADC_ConfigureBoostMode                 0x08000a8c   Section        0  stm32h7xx_hal_adc.o(i.ADC_ConfigureBoostMode)
    i.ADC_ConversionStop                     0x08000b94   Section        0  stm32h7xx_hal_adc.o(i.ADC_ConversionStop)
    i.ADC_Disable                            0x08000c78   Section        0  stm32h7xx_hal_adc.o(i.ADC_Disable)
    i.ADC_Enable                             0x08000ce8   Section        0  stm32h7xx_hal_adc.o(i.ADC_Enable)
    i.Analyze_FilterType                     0x08000d90   Section        0  main.o(i.Analyze_FilterType)
    Analyze_FilterType                       0x08000d91   Thumb Code   450  main.o(i.Analyze_FilterType)
    i.BusFault_Handler                       0x08000fa0   Section        0  stm32h7xx_it.o(i.BusFault_Handler)
    i.DebugMon_Handler                       0x08000fa2   Section        0  stm32h7xx_it.o(i.DebugMon_Handler)
    i.Error_Handler                          0x08000fa4   Section        0  main.o(i.Error_Handler)
    i.ExitRun0Mode                           0x08000fa8   Section        0  system_stm32h7xx.o(i.ExitRun0Mode)
    i.HAL_ADCEx_Calibration_Start            0x08000fc4   Section        0  stm32h7xx_hal_adc_ex.o(i.HAL_ADCEx_Calibration_Start)
    i.HAL_ADCEx_MultiModeConfigChannel       0x08001060   Section        0  stm32h7xx_hal_adc_ex.o(i.HAL_ADCEx_MultiModeConfigChannel)
    i.HAL_ADC_ConfigChannel                  0x08001188   Section        0  stm32h7xx_hal_adc.o(i.HAL_ADC_ConfigChannel)
    i.HAL_ADC_GetValue                       0x080015a8   Section        0  stm32h7xx_hal_adc.o(i.HAL_ADC_GetValue)
    i.HAL_ADC_Init                           0x080015b0   Section        0  stm32h7xx_hal_adc.o(i.HAL_ADC_Init)
    i.HAL_ADC_MspInit                        0x080017d8   Section        0  stm32h7xx_hal_msp.o(i.HAL_ADC_MspInit)
    i.HAL_ADC_PollForConversion              0x08001870   Section        0  stm32h7xx_hal_adc.o(i.HAL_ADC_PollForConversion)
    i.HAL_ADC_Start                          0x08001994   Section        0  stm32h7xx_hal_adc.o(i.HAL_ADC_Start)
    i.HAL_ADC_Stop                           0x08001a9c   Section        0  stm32h7xx_hal_adc.o(i.HAL_ADC_Stop)
    i.HAL_DMA_Abort                          0x08001adc   Section        0  stm32h7xx_hal_dma.o(i.HAL_DMA_Abort)
    i.HAL_DMA_Abort_IT                       0x08001e3c   Section        0  stm32h7xx_hal_dma.o(i.HAL_DMA_Abort_IT)
    i.HAL_Delay                              0x08002058   Section        0  stm32h7xx_hal.o(i.HAL_Delay)
    i.HAL_GPIO_Init                          0x0800207c   Section        0  stm32h7xx_hal_gpio.o(i.HAL_GPIO_Init)
    i.HAL_GetREVID                           0x080022b0   Section        0  stm32h7xx_hal.o(i.HAL_GetREVID)
    i.HAL_GetTick                            0x080022bc   Section        0  stm32h7xx_hal.o(i.HAL_GetTick)
    i.HAL_IncTick                            0x080022c8   Section        0  stm32h7xx_hal.o(i.HAL_IncTick)
    i.HAL_Init                               0x080022d8   Section        0  stm32h7xx_hal.o(i.HAL_Init)
    i.HAL_InitTick                           0x08002334   Section        0  stm32h7xx_hal.o(i.HAL_InitTick)
    i.HAL_MPU_ConfigRegion                   0x08002374   Section        0  stm32h7xx_hal_cortex.o(i.HAL_MPU_ConfigRegion)
    i.HAL_MPU_Disable                        0x080023d0   Section        0  stm32h7xx_hal_cortex.o(i.HAL_MPU_Disable)
    i.HAL_MPU_Enable                         0x080023ec   Section        0  stm32h7xx_hal_cortex.o(i.HAL_MPU_Enable)
    i.HAL_MspInit                            0x08002410   Section        0  stm32h7xx_hal_msp.o(i.HAL_MspInit)
    i.HAL_NVIC_EnableIRQ                     0x0800242c   Section        0  stm32h7xx_hal_cortex.o(i.HAL_NVIC_EnableIRQ)
    i.HAL_NVIC_SetPriority                   0x08002448   Section        0  stm32h7xx_hal_cortex.o(i.HAL_NVIC_SetPriority)
    i.HAL_NVIC_SetPriorityGrouping           0x08002488   Section        0  stm32h7xx_hal_cortex.o(i.HAL_NVIC_SetPriorityGrouping)
    i.HAL_PWREx_ConfigSupply                 0x080024ac   Section        0  stm32h7xx_hal_pwr_ex.o(i.HAL_PWREx_ConfigSupply)
    i.HAL_RCCEx_GetD3PCLK1Freq               0x08002500   Section        0  stm32h7xx_hal_rcc_ex.o(i.HAL_RCCEx_GetD3PCLK1Freq)
    i.HAL_RCCEx_GetPLL1ClockFreq             0x08002524   Section        0  stm32h7xx_hal_rcc_ex.o(i.HAL_RCCEx_GetPLL1ClockFreq)
    i.HAL_RCCEx_GetPLL2ClockFreq             0x0800266c   Section        0  stm32h7xx_hal_rcc_ex.o(i.HAL_RCCEx_GetPLL2ClockFreq)
    i.HAL_RCCEx_GetPLL3ClockFreq             0x080027b0   Section        0  stm32h7xx_hal_rcc_ex.o(i.HAL_RCCEx_GetPLL3ClockFreq)
    i.HAL_RCCEx_GetPeriphCLKFreq             0x080028f4   Section        0  stm32h7xx_hal_rcc_ex.o(i.HAL_RCCEx_GetPeriphCLKFreq)
    i.HAL_RCCEx_PeriphCLKConfig              0x08002bbc   Section        0  stm32h7xx_hal_rcc_ex.o(i.HAL_RCCEx_PeriphCLKConfig)
    i.HAL_RCC_ClockConfig                    0x08003568   Section        0  stm32h7xx_hal_rcc.o(i.HAL_RCC_ClockConfig)
    i.HAL_RCC_GetHCLKFreq                    0x080037c4   Section        0  stm32h7xx_hal_rcc.o(i.HAL_RCC_GetHCLKFreq)
    i.HAL_RCC_GetPCLK1Freq                   0x08003808   Section        0  stm32h7xx_hal_rcc.o(i.HAL_RCC_GetPCLK1Freq)
    i.HAL_RCC_GetPCLK2Freq                   0x0800382c   Section        0  stm32h7xx_hal_rcc.o(i.HAL_RCC_GetPCLK2Freq)
    i.HAL_RCC_GetSysClockFreq                0x08003850   Section        0  stm32h7xx_hal_rcc.o(i.HAL_RCC_GetSysClockFreq)
    i.HAL_RCC_OscConfig                      0x08003988   Section        0  stm32h7xx_hal_rcc.o(i.HAL_RCC_OscConfig)
    i.HAL_SYSTICK_Config                     0x08003f0a   Section        0  stm32h7xx_hal_cortex.o(i.HAL_SYSTICK_Config)
    i.HAL_UARTEx_DisableFifoMode             0x08003f30   Section        0  stm32h7xx_hal_uart_ex.o(i.HAL_UARTEx_DisableFifoMode)
    i.HAL_UARTEx_RxEventCallback             0x08003f70   Section        0  stm32h7xx_hal_uart.o(i.HAL_UARTEx_RxEventCallback)
    i.HAL_UARTEx_RxFifoFullCallback          0x08003f72   Section        0  stm32h7xx_hal_uart_ex.o(i.HAL_UARTEx_RxFifoFullCallback)
    i.HAL_UARTEx_SetRxFifoThreshold          0x08003f74   Section        0  stm32h7xx_hal_uart_ex.o(i.HAL_UARTEx_SetRxFifoThreshold)
    i.HAL_UARTEx_SetTxFifoThreshold          0x08003fc0   Section        0  stm32h7xx_hal_uart_ex.o(i.HAL_UARTEx_SetTxFifoThreshold)
    i.HAL_UARTEx_TxFifoEmptyCallback         0x0800400c   Section        0  stm32h7xx_hal_uart_ex.o(i.HAL_UARTEx_TxFifoEmptyCallback)
    i.HAL_UARTEx_WakeupCallback              0x0800400e   Section        0  stm32h7xx_hal_uart_ex.o(i.HAL_UARTEx_WakeupCallback)
    i.HAL_UART_ErrorCallback                 0x08004010   Section        0  stm32h7xx_hal_uart.o(i.HAL_UART_ErrorCallback)
    i.HAL_UART_IRQHandler                    0x08004014   Section        0  stm32h7xx_hal_uart.o(i.HAL_UART_IRQHandler)
    i.HAL_UART_Init                          0x080043b0   Section        0  stm32h7xx_hal_uart.o(i.HAL_UART_Init)
    i.HAL_UART_MspInit                       0x0800441c   Section        0  stm32h7xx_hal_msp.o(i.HAL_UART_MspInit)
    i.HAL_UART_Receive_IT                    0x080044b0   Section        0  stm32h7xx_hal_uart.o(i.HAL_UART_Receive_IT)
    i.HAL_UART_RxCpltCallback                0x080044f8   Section        0  usart2.o(i.HAL_UART_RxCpltCallback)
    i.HAL_UART_Transmit                      0x08004580   Section        0  stm32h7xx_hal_uart.o(i.HAL_UART_Transmit)
    i.HAL_UART_TxCpltCallback                0x08004638   Section        0  stm32h7xx_hal_uart.o(i.HAL_UART_TxCpltCallback)
    i.HardFault_Handler                      0x0800463a   Section        0  stm32h7xx_it.o(i.HardFault_Handler)
    i.Init_AD9910                            0x0800463c   Section        0  ad9910.o(i.Init_AD9910)
    i.LL_ADC_INJ_IsConversionOngoing         0x0800472c   Section        0  stm32h7xx_hal_adc.o(i.LL_ADC_INJ_IsConversionOngoing)
    LL_ADC_INJ_IsConversionOngoing           0x0800472d   Thumb Code     8  stm32h7xx_hal_adc.o(i.LL_ADC_INJ_IsConversionOngoing)
    i.LL_ADC_REG_IsConversionOngoing         0x08004734   Section        0  stm32h7xx_hal_adc.o(i.LL_ADC_REG_IsConversionOngoing)
    LL_ADC_REG_IsConversionOngoing           0x08004735   Thumb Code     8  stm32h7xx_hal_adc.o(i.LL_ADC_REG_IsConversionOngoing)
    i.LL_ADC_REG_IsConversionOngoing         0x0800473c   Section        0  stm32h7xx_hal_adc_ex.o(i.LL_ADC_REG_IsConversionOngoing)
    LL_ADC_REG_IsConversionOngoing           0x0800473d   Thumb Code     8  stm32h7xx_hal_adc_ex.o(i.LL_ADC_REG_IsConversionOngoing)
    i.LL_ADC_REG_IsTriggerSourceSWStart      0x08004744   Section        0  stm32h7xx_hal_adc.o(i.LL_ADC_REG_IsTriggerSourceSWStart)
    LL_ADC_REG_IsTriggerSourceSWStart        0x08004745   Thumb Code    16  stm32h7xx_hal_adc.o(i.LL_ADC_REG_IsTriggerSourceSWStart)
    i.MX_ADC1_Init                           0x08004754   Section        0  main.o(i.MX_ADC1_Init)
    MX_ADC1_Init                             0x08004755   Thumb Code   138  main.o(i.MX_ADC1_Init)
    i.MX_USART2_UART_Init                    0x080047ec   Section        0  main.o(i.MX_USART2_UART_Init)
    MX_USART2_UART_Init                      0x080047ed   Thumb Code    90  main.o(i.MX_USART2_UART_Init)
    i.MemManage_Handler                      0x08004850   Section        0  stm32h7xx_it.o(i.MemManage_Handler)
    i.NMI_Handler                            0x08004852   Section        0  stm32h7xx_it.o(i.NMI_Handler)
    i.PendSV_Handler                         0x08004854   Section        0  stm32h7xx_it.o(i.PendSV_Handler)
    i.RCCEx_PLL2_Config                      0x08004858   Section        0  stm32h7xx_hal_rcc_ex.o(i.RCCEx_PLL2_Config)
    RCCEx_PLL2_Config                        0x08004859   Thumb Code   284  stm32h7xx_hal_rcc_ex.o(i.RCCEx_PLL2_Config)
    i.RCCEx_PLL3_Config                      0x08004978   Section        0  stm32h7xx_hal_rcc_ex.o(i.RCCEx_PLL3_Config)
    RCCEx_PLL3_Config                        0x08004979   Thumb Code   284  stm32h7xx_hal_rcc_ex.o(i.RCCEx_PLL3_Config)
    i.SVC_Handler                            0x08004a98   Section        0  stm32h7xx_it.o(i.SVC_Handler)
    i.Sweep_Frequency                        0x08004a9c   Section        0  main.o(i.Sweep_Frequency)
    Sweep_Frequency                          0x08004a9d   Thumb Code   212  main.o(i.Sweep_Frequency)
    i.SysTick_Handler                        0x08004b9c   Section        0  stm32h7xx_it.o(i.SysTick_Handler)
    i.SystemClock_Config                     0x08004ba0   Section        0  main.o(i.SystemClock_Config)
    i.SystemInit                             0x08004c3c   Section        0  system_stm32h7xx.o(i.SystemInit)
    i.Txfrc                                  0x08004d34   Section        0  ad9910.o(i.Txfrc)
    i.UARTEx_SetNbDataToProcess              0x08004d74   Section        0  stm32h7xx_hal_uart_ex.o(i.UARTEx_SetNbDataToProcess)
    UARTEx_SetNbDataToProcess                0x08004d75   Thumb Code    62  stm32h7xx_hal_uart_ex.o(i.UARTEx_SetNbDataToProcess)
    i.UART_AdvFeatureConfig                  0x08004db8   Section        0  stm32h7xx_hal_uart.o(i.UART_AdvFeatureConfig)
    i.UART_CheckIdleState                    0x08004e80   Section        0  stm32h7xx_hal_uart.o(i.UART_CheckIdleState)
    i.UART_DMAAbortOnError                   0x08004f2a   Section        0  stm32h7xx_hal_uart.o(i.UART_DMAAbortOnError)
    UART_DMAAbortOnError                     0x08004f2b   Thumb Code    10  stm32h7xx_hal_uart.o(i.UART_DMAAbortOnError)
    i.UART_EndRxTransfer                     0x08004f34   Section        0  stm32h7xx_hal_uart.o(i.UART_EndRxTransfer)
    UART_EndRxTransfer                       0x08004f35   Thumb Code    78  stm32h7xx_hal_uart.o(i.UART_EndRxTransfer)
    i.UART_RxISR_16BIT                       0x08004f88   Section        0  stm32h7xx_hal_uart.o(i.UART_RxISR_16BIT)
    UART_RxISR_16BIT                         0x08004f89   Thumb Code   196  stm32h7xx_hal_uart.o(i.UART_RxISR_16BIT)
    i.UART_RxISR_16BIT_FIFOEN                0x08005050   Section        0  stm32h7xx_hal_uart.o(i.UART_RxISR_16BIT_FIFOEN)
    UART_RxISR_16BIT_FIFOEN                  0x08005051   Thumb Code   402  stm32h7xx_hal_uart.o(i.UART_RxISR_16BIT_FIFOEN)
    i.UART_RxISR_8BIT                        0x080051f0   Section        0  stm32h7xx_hal_uart.o(i.UART_RxISR_8BIT)
    UART_RxISR_8BIT                          0x080051f1   Thumb Code   196  stm32h7xx_hal_uart.o(i.UART_RxISR_8BIT)
    i.UART_RxISR_8BIT_FIFOEN                 0x080052b8   Section        0  stm32h7xx_hal_uart.o(i.UART_RxISR_8BIT_FIFOEN)
    UART_RxISR_8BIT_FIFOEN                   0x080052b9   Thumb Code   402  stm32h7xx_hal_uart.o(i.UART_RxISR_8BIT_FIFOEN)
    i.UART_SetConfig                         0x08005458   Section        0  stm32h7xx_hal_uart.o(i.UART_SetConfig)
    i.UART_Start_Receive_IT                  0x08005804   Section        0  stm32h7xx_hal_uart.o(i.UART_Start_Receive_IT)
    i.UART_WaitOnFlagUntilTimeout            0x08005914   Section        0  stm32h7xx_hal_uart.o(i.UART_WaitOnFlagUntilTimeout)
    i.USART2_IRQHandler                      0x080059a8   Section        0  stm32h7xx_it.o(i.USART2_IRQHandler)
    i.USART2_ProcessPacket                   0x080059b4   Section        0  usart2.o(i.USART2_ProcessPacket)
    i.USART2_Reset                           0x08005a54   Section        0  usart2.o(i.USART2_Reset)
    i.USART2_StartReceive                    0x08005a68   Section        0  usart2.o(i.USART2_StartReceive)
    i.UsageFault_Handler                     0x08005a7c   Section        0  stm32h7xx_it.o(i.UsageFault_Handler)
    i.__NVIC_SetPriority                     0x08005a7e   Section        0  stm32h7xx_hal_cortex.o(i.__NVIC_SetPriority)
    __NVIC_SetPriority                       0x08005a7f   Thumb Code    34  stm32h7xx_hal_cortex.o(i.__NVIC_SetPriority)
    i.main                                   0x08005aa0   Section        0  main.o(i.main)
    i.send_val_to_screen                     0x08005d10   Section        0  usart2.o(i.send_val_to_screen)
    send_val_to_screen                       0x08005d11   Thumb Code    44  usart2.o(i.send_val_to_screen)
    i.txd_8bit                               0x08005d48   Section        0  ad9910.o(i.txd_8bit)
    i.usart2_send_byte                       0x08005d84   Section        0  usart2.o(i.usart2_send_byte)
    i.usart2_send_string                     0x08005d9c   Section        0  usart2.o(i.usart2_send_string)
    x$fpl$fpinit                             0x08005db0   Section       10  fpinit.o(x$fpl$fpinit)
    $v0                                      0x08005db0   Number         0  fpinit.o(x$fpl$fpinit)
    .constdata                               0x08005dba   Section       24  stm32h7xx_hal_uart.o(.constdata)
    .constdata                               0x08005dd2   Section       16  stm32h7xx_hal_uart_ex.o(.constdata)
    numerator                                0x08005dd2   Data           8  stm32h7xx_hal_uart_ex.o(.constdata)
    denominator                              0x08005dda   Data           8  stm32h7xx_hal_uart_ex.o(.constdata)
    .constdata                               0x08005de2   Section       16  system_stm32h7xx.o(.constdata)
    .constdata                               0x08005df2   Section       12  ad9910.o(.constdata)
    .data                                    0x24000000   Section       12  main.o(.data)
    freq_track_enabled                       0x24000000   Data           1  main.o(.data)
    last_measure_tick                        0x24000004   Data           4  main.o(.data)
    current_dds_freq                         0x24000008   Data           4  main.o(.data)
    .data                                    0x2400000c   Section       16  usart2.o(.data)
    rx_cnt                                   0x2400000e   Data           1  usart2.o(.data)
    frame_started                            0x2400000f   Data           1  usart2.o(.data)
    got_tail1                                0x24000010   Data           1  usart2.o(.data)
    rx_byte                                  0x24000013   Data           1  usart2.o(.data)
    .data                                    0x2400001c   Section        1  usart2.o(.data)
    .data                                    0x24000020   Section       12  stm32h7xx_hal.o(.data)
    .data                                    0x2400002c   Section        8  system_stm32h7xx.o(.data)
    .data                                    0x24000034   Section        8  ad9910.o(.data)
    .bss                                     0x2400003c   Section      248  main.o(.bss)
    .bss                                     0x24000134   Section      984  usart2.o(.bss)
    .bss                                     0x2400050c   Section       16  usart2.o(.bss)
    rx_buf                                   0x2400050c   Data          16  usart2.o(.bss)
    .bss                                     0x2400051c   Section    14356  adc.o(.bss)
    adc_buf                                  0x2400051c   Data        2048  adc.o(.bss)
    fft_inputbuf                             0x24000d1c   Data        8192  adc.o(.bss)
    fft_outputbuf                            0x24002d1c   Data        4096  adc.o(.bss)
    scfft                                    0x24003d1c   Data          20  adc.o(.bss)
    .bss                                     0x24003d30   Section       96  libspace.o(.bss)
    HEAP                                     0x24003d90   Section      512  startup_stm32h750xx.o(HEAP)
    Heap_Mem                                 0x24003d90   Data         512  startup_stm32h750xx.o(HEAP)
    STACK                                    0x24003f90   Section     1024  startup_stm32h750xx.o(STACK)
    Stack_Mem                                0x24003f90   Data        1024  startup_stm32h750xx.o(STACK)
    __initial_sp                             0x24004390   Data           0  startup_stm32h750xx.o(STACK)

    Global Symbols

    Symbol Name                              Value     Ov Type        Size  Object(Section)

    BuildAttributes$$THM_ISAv4$E$P$D$K$B$S$7EM$VFPv5_D16$PE$PLD8$A:L22UL41UL21$X:L11$S22US41US21$IEEE1$IW$USESV6$~STKCKD$USESV7$~SHL$OSPACE$ROPI$EBA8$UX$STANDARDLIB$REQ8$PRES8$EABIv2 0x00000000   Number         0  anon$$obj.o ABSOLUTE
    __ARM_use_no_argv                        0x00000000   Number         0  main.o ABSOLUTE
    _printf_flags                            0x00000000   Number         0  printf_stubs.o ABSOLUTE
    _printf_return_value                     0x00000000   Number         0  printf_stubs.o ABSOLUTE
    _printf_sizespec                         0x00000000   Number         0  printf_stubs.o ABSOLUTE
    _printf_widthprec                        0x00000000   Number         0  printf_stubs.o ABSOLUTE
    __ARM_exceptions_init                     - Undefined Weak Reference
    __alloca_initialize                       - Undefined Weak Reference
    __arm_preinit_                            - Undefined Weak Reference
    __cpp_initialize__aeabi_                  - Undefined Weak Reference
    __cxa_finalize                            - Undefined Weak Reference
    __rt_locale                               - Undefined Weak Reference
    __sigvec_lookup                           - Undefined Weak Reference
    _atexit_init                              - Undefined Weak Reference
    _call_atexit_fns                          - Undefined Weak Reference
    _clock_init                               - Undefined Weak Reference
    _fp_trap_init                             - Undefined Weak Reference
    _fp_trap_shutdown                         - Undefined Weak Reference
    _get_lc_collate                           - Undefined Weak Reference
    _get_lc_ctype                             - Undefined Weak Reference
    _get_lc_monetary                          - Undefined Weak Reference
    _get_lc_numeric                           - Undefined Weak Reference
    _get_lc_time                              - Undefined Weak Reference
    _getenv_init                              - Undefined Weak Reference
    _handle_redirection                       - Undefined Weak Reference
    _init_alloc                               - Undefined Weak Reference
    _init_user_alloc                          - Undefined Weak Reference
    _initio                                   - Undefined Weak Reference
    _printf_mbtowc                            - Undefined Weak Reference
    _printf_post_padding                      - Undefined Weak Reference
    _printf_pre_padding                       - Undefined Weak Reference
    _printf_truncate_signed                   - Undefined Weak Reference
    _printf_truncate_unsigned                 - Undefined Weak Reference
    _rand_init                                - Undefined Weak Reference
    _signal_finish                            - Undefined Weak Reference
    _signal_init                              - Undefined Weak Reference
    _terminate_alloc                          - Undefined Weak Reference
    _terminate_user_alloc                     - Undefined Weak Reference
    _terminateio                              - Undefined Weak Reference
    __Vectors_Size                           0x00000298   Number         0  startup_stm32h750xx.o ABSOLUTE
    __Vectors                                0x08000000   Data           4  startup_stm32h750xx.o(RESET)
    __Vectors_End                            0x08000298   Data           0  startup_stm32h750xx.o(RESET)
    __main                                   0x08000299   Thumb Code     8  __main.o(!!!main)
    __scatterload                            0x080002a1   Thumb Code     0  __scatter.o(!!!scatter)
    __scatterload_rt2                        0x080002a1   Thumb Code    44  __scatter.o(!!!scatter)
    __scatterload_rt2_thumb_only             0x080002a1   Thumb Code     0  __scatter.o(!!!scatter)
    __scatterload_null                       0x080002af   Thumb Code     0  __scatter.o(!!!scatter)
    __scatterload_copy                       0x080002d5   Thumb Code    26  __scatter_copy.o(!!handler_copy)
    __scatterload_zeroinit                   0x080002f1   Thumb Code    28  __scatter_zi.o(!!handler_zi)
    _printf_percent                          0x0800030d   Thumb Code     0  _printf_percent.o(.ARM.Collect$$_printf_percent$$00000000)
    _printf_u                                0x0800030d   Thumb Code     0  _printf_u.o(.ARM.Collect$$_printf_percent$$0000000A)
    _printf_s                                0x08000313   Thumb Code     0  _printf_s.o(.ARM.Collect$$_printf_percent$$00000014)
    _printf_percent_end                      0x08000319   Thumb Code     0  _printf_percent_end.o(.ARM.Collect$$_printf_percent$$00000017)
    __rt_lib_init                            0x0800031d   Thumb Code     0  libinit.o(.ARM.Collect$$libinit$$00000000)
    __rt_lib_init_fp_1                       0x0800031f   Thumb Code     0  libinit2.o(.ARM.Collect$$libinit$$00000001)
    __rt_lib_init_alloca_1                   0x08000323   Thumb Code     0  libinit2.o(.ARM.Collect$$libinit$$0000002E)
    __rt_lib_init_argv_1                     0x08000323   Thumb Code     0  libinit2.o(.ARM.Collect$$libinit$$0000002C)
    __rt_lib_init_atexit_1                   0x08000323   Thumb Code     0  libinit2.o(.ARM.Collect$$libinit$$0000001B)
    __rt_lib_init_clock_1                    0x08000323   Thumb Code     0  libinit2.o(.ARM.Collect$$libinit$$00000021)
    __rt_lib_init_cpp_1                      0x08000323   Thumb Code     0  libinit2.o(.ARM.Collect$$libinit$$00000032)
    __rt_lib_init_exceptions_1               0x08000323   Thumb Code     0  libinit2.o(.ARM.Collect$$libinit$$00000030)
    __rt_lib_init_fp_trap_1                  0x08000323   Thumb Code     0  libinit2.o(.ARM.Collect$$libinit$$0000001F)
    __rt_lib_init_getenv_1                   0x08000323   Thumb Code     0  libinit2.o(.ARM.Collect$$libinit$$00000023)
    __rt_lib_init_heap_1                     0x08000323   Thumb Code     0  libinit2.o(.ARM.Collect$$libinit$$0000000A)
    __rt_lib_init_lc_collate_1               0x08000323   Thumb Code     0  libinit2.o(.ARM.Collect$$libinit$$00000011)
    __rt_lib_init_lc_ctype_1                 0x08000323   Thumb Code     0  libinit2.o(.ARM.Collect$$libinit$$00000013)
    __rt_lib_init_lc_monetary_1              0x08000323   Thumb Code     0  libinit2.o(.ARM.Collect$$libinit$$00000015)
    __rt_lib_init_lc_numeric_1               0x08000323   Thumb Code     0  libinit2.o(.ARM.Collect$$libinit$$00000017)
    __rt_lib_init_lc_time_1                  0x08000323   Thumb Code     0  libinit2.o(.ARM.Collect$$libinit$$00000019)
    __rt_lib_init_preinit_1                  0x08000323   Thumb Code     0  libinit2.o(.ARM.Collect$$libinit$$00000004)
    __rt_lib_init_rand_1                     0x08000323   Thumb Code     0  libinit2.o(.ARM.Collect$$libinit$$0000000E)
    __rt_lib_init_return                     0x08000323   Thumb Code     0  libinit2.o(.ARM.Collect$$libinit$$00000033)
    __rt_lib_init_signal_1                   0x08000323   Thumb Code     0  libinit2.o(.ARM.Collect$$libinit$$0000001D)
    __rt_lib_init_stdio_1                    0x08000323   Thumb Code     0  libinit2.o(.ARM.Collect$$libinit$$00000025)
    __rt_lib_init_user_alloc_1               0x08000323   Thumb Code     0  libinit2.o(.ARM.Collect$$libinit$$0000000C)
    __rt_lib_shutdown                        0x08000325   Thumb Code     0  libshutdown.o(.ARM.Collect$$libshutdown$$00000000)
    __rt_lib_shutdown_cpp_1                  0x08000327   Thumb Code     0  libshutdown2.o(.ARM.Collect$$libshutdown$$00000002)
    __rt_lib_shutdown_fp_trap_1              0x08000327   Thumb Code     0  libshutdown2.o(.ARM.Collect$$libshutdown$$00000007)
    __rt_lib_shutdown_heap_1                 0x08000327   Thumb Code     0  libshutdown2.o(.ARM.Collect$$libshutdown$$0000000F)
    __rt_lib_shutdown_return                 0x08000327   Thumb Code     0  libshutdown2.o(.ARM.Collect$$libshutdown$$00000010)
    __rt_lib_shutdown_signal_1               0x08000327   Thumb Code     0  libshutdown2.o(.ARM.Collect$$libshutdown$$0000000A)
    __rt_lib_shutdown_stdio_1                0x08000327   Thumb Code     0  libshutdown2.o(.ARM.Collect$$libshutdown$$00000004)
    __rt_lib_shutdown_user_alloc_1           0x08000327   Thumb Code     0  libshutdown2.o(.ARM.Collect$$libshutdown$$0000000C)
    __rt_entry                               0x08000329   Thumb Code     0  __rtentry.o(.ARM.Collect$$rtentry$$00000000)
    __rt_entry_presh_1                       0x08000329   Thumb Code     0  __rtentry2.o(.ARM.Collect$$rtentry$$00000002)
    __rt_entry_sh                            0x08000329   Thumb Code     0  __rtentry4.o(.ARM.Collect$$rtentry$$00000004)
    __rt_entry_li                            0x0800032f   Thumb Code     0  __rtentry2.o(.ARM.Collect$$rtentry$$0000000A)
    __rt_entry_postsh_1                      0x0800032f   Thumb Code     0  __rtentry2.o(.ARM.Collect$$rtentry$$00000009)
    __rt_entry_main                          0x08000333   Thumb Code     0  __rtentry2.o(.ARM.Collect$$rtentry$$0000000D)
    __rt_entry_postli_1                      0x08000333   Thumb Code     0  __rtentry2.o(.ARM.Collect$$rtentry$$0000000C)
    __rt_exit                                0x0800033b   Thumb Code     0  rtexit.o(.ARM.Collect$$rtexit$$00000000)
    __rt_exit_ls                             0x0800033d   Thumb Code     0  rtexit2.o(.ARM.Collect$$rtexit$$00000003)
    __rt_exit_prels_1                        0x0800033d   Thumb Code     0  rtexit2.o(.ARM.Collect$$rtexit$$00000002)
    __rt_exit_exit                           0x08000341   Thumb Code     0  rtexit2.o(.ARM.Collect$$rtexit$$00000004)
    Reset_Handler                            0x08000349   Thumb Code    12  startup_stm32h750xx.o(.text)
    ADC3_IRQHandler                          0x08000367   Thumb Code     0  startup_stm32h750xx.o(.text)
    ADC_IRQHandler                           0x08000367   Thumb Code     0  startup_stm32h750xx.o(.text)
    BDMA_Channel0_IRQHandler                 0x08000367   Thumb Code     0  startup_stm32h750xx.o(.text)
    BDMA_Channel1_IRQHandler                 0x08000367   Thumb Code     0  startup_stm32h750xx.o(.text)
    BDMA_Channel2_IRQHandler                 0x08000367   Thumb Code     0  startup_stm32h750xx.o(.text)
    BDMA_Channel3_IRQHandler                 0x08000367   Thumb Code     0  startup_stm32h750xx.o(.text)
    BDMA_Channel4_IRQHandler                 0x08000367   Thumb Code     0  startup_stm32h750xx.o(.text)
    BDMA_Channel5_IRQHandler                 0x08000367   Thumb Code     0  startup_stm32h750xx.o(.text)
    BDMA_Channel6_IRQHandler                 0x08000367   Thumb Code     0  startup_stm32h750xx.o(.text)
    BDMA_Channel7_IRQHandler                 0x08000367   Thumb Code     0  startup_stm32h750xx.o(.text)
    CEC_IRQHandler                           0x08000367   Thumb Code     0  startup_stm32h750xx.o(.text)
    COMP1_IRQHandler                         0x08000367   Thumb Code     0  startup_stm32h750xx.o(.text)
    CRS_IRQHandler                           0x08000367   Thumb Code     0  startup_stm32h750xx.o(.text)
    CRYP_IRQHandler                          0x08000367   Thumb Code     0  startup_stm32h750xx.o(.text)
    DCMI_IRQHandler                          0x08000367   Thumb Code     0  startup_stm32h750xx.o(.text)
    DFSDM1_FLT0_IRQHandler                   0x08000367   Thumb Code     0  startup_stm32h750xx.o(.text)
    DFSDM1_FLT1_IRQHandler                   0x08000367   Thumb Code     0  startup_stm32h750xx.o(.text)
    DFSDM1_FLT2_IRQHandler                   0x08000367   Thumb Code     0  startup_stm32h750xx.o(.text)
    DFSDM1_FLT3_IRQHandler                   0x08000367   Thumb Code     0  startup_stm32h750xx.o(.text)
    DMA1_Stream0_IRQHandler                  0x08000367   Thumb Code     0  startup_stm32h750xx.o(.text)
    DMA1_Stream1_IRQHandler                  0x08000367   Thumb Code     0  startup_stm32h750xx.o(.text)
    DMA1_Stream2_IRQHandler                  0x08000367   Thumb Code     0  startup_stm32h750xx.o(.text)
    DMA1_Stream3_IRQHandler                  0x08000367   Thumb Code     0  startup_stm32h750xx.o(.text)
    DMA1_Stream4_IRQHandler                  0x08000367   Thumb Code     0  startup_stm32h750xx.o(.text)
    DMA1_Stream5_IRQHandler                  0x08000367   Thumb Code     0  startup_stm32h750xx.o(.text)
    DMA1_Stream6_IRQHandler                  0x08000367   Thumb Code     0  startup_stm32h750xx.o(.text)
    DMA1_Stream7_IRQHandler                  0x08000367   Thumb Code     0  startup_stm32h750xx.o(.text)
    DMA2D_IRQHandler                         0x08000367   Thumb Code     0  startup_stm32h750xx.o(.text)
    DMA2_Stream0_IRQHandler                  0x08000367   Thumb Code     0  startup_stm32h750xx.o(.text)
    DMA2_Stream1_IRQHandler                  0x08000367   Thumb Code     0  startup_stm32h750xx.o(.text)
    DMA2_Stream2_IRQHandler                  0x08000367   Thumb Code     0  startup_stm32h750xx.o(.text)
    DMA2_Stream3_IRQHandler                  0x08000367   Thumb Code     0  startup_stm32h750xx.o(.text)
    DMA2_Stream4_IRQHandler                  0x08000367   Thumb Code     0  startup_stm32h750xx.o(.text)
    DMA2_Stream5_IRQHandler                  0x08000367   Thumb Code     0  startup_stm32h750xx.o(.text)
    DMA2_Stream6_IRQHandler                  0x08000367   Thumb Code     0  startup_stm32h750xx.o(.text)
    DMA2_Stream7_IRQHandler                  0x08000367   Thumb Code     0  startup_stm32h750xx.o(.text)
    DMAMUX1_OVR_IRQHandler                   0x08000367   Thumb Code     0  startup_stm32h750xx.o(.text)
    DMAMUX2_OVR_IRQHandler                   0x08000367   Thumb Code     0  startup_stm32h750xx.o(.text)
    ECC_IRQHandler                           0x08000367   Thumb Code     0  startup_stm32h750xx.o(.text)
    ETH_IRQHandler                           0x08000367   Thumb Code     0  startup_stm32h750xx.o(.text)
    ETH_WKUP_IRQHandler                      0x08000367   Thumb Code     0  startup_stm32h750xx.o(.text)
    EXTI0_IRQHandler                         0x08000367   Thumb Code     0  startup_stm32h750xx.o(.text)
    EXTI15_10_IRQHandler                     0x08000367   Thumb Code     0  startup_stm32h750xx.o(.text)
    EXTI1_IRQHandler                         0x08000367   Thumb Code     0  startup_stm32h750xx.o(.text)
    EXTI2_IRQHandler                         0x08000367   Thumb Code     0  startup_stm32h750xx.o(.text)
    EXTI3_IRQHandler                         0x08000367   Thumb Code     0  startup_stm32h750xx.o(.text)
    EXTI4_IRQHandler                         0x08000367   Thumb Code     0  startup_stm32h750xx.o(.text)
    EXTI9_5_IRQHandler                       0x08000367   Thumb Code     0  startup_stm32h750xx.o(.text)
    FDCAN1_IT0_IRQHandler                    0x08000367   Thumb Code     0  startup_stm32h750xx.o(.text)
    FDCAN1_IT1_IRQHandler                    0x08000367   Thumb Code     0  startup_stm32h750xx.o(.text)
    FDCAN2_IT0_IRQHandler                    0x08000367   Thumb Code     0  startup_stm32h750xx.o(.text)
    FDCAN2_IT1_IRQHandler                    0x08000367   Thumb Code     0  startup_stm32h750xx.o(.text)
    FDCAN_CAL_IRQHandler                     0x08000367   Thumb Code     0  startup_stm32h750xx.o(.text)
    FLASH_IRQHandler                         0x08000367   Thumb Code     0  startup_stm32h750xx.o(.text)
    FMC_IRQHandler                           0x08000367   Thumb Code     0  startup_stm32h750xx.o(.text)
    FPU_IRQHandler                           0x08000367   Thumb Code     0  startup_stm32h750xx.o(.text)
    HASH_RNG_IRQHandler                      0x08000367   Thumb Code     0  startup_stm32h750xx.o(.text)
    HRTIM1_FLT_IRQHandler                    0x08000367   Thumb Code     0  startup_stm32h750xx.o(.text)
    HRTIM1_Master_IRQHandler                 0x08000367   Thumb Code     0  startup_stm32h750xx.o(.text)
    HRTIM1_TIMA_IRQHandler                   0x08000367   Thumb Code     0  startup_stm32h750xx.o(.text)
    HRTIM1_TIMB_IRQHandler                   0x08000367   Thumb Code     0  startup_stm32h750xx.o(.text)
    HRTIM1_TIMC_IRQHandler                   0x08000367   Thumb Code     0  startup_stm32h750xx.o(.text)
    HRTIM1_TIMD_IRQHandler                   0x08000367   Thumb Code     0  startup_stm32h750xx.o(.text)
    HRTIM1_TIME_IRQHandler                   0x08000367   Thumb Code     0  startup_stm32h750xx.o(.text)
    HSEM1_IRQHandler                         0x08000367   Thumb Code     0  startup_stm32h750xx.o(.text)
    I2C1_ER_IRQHandler                       0x08000367   Thumb Code     0  startup_stm32h750xx.o(.text)
    I2C1_EV_IRQHandler                       0x08000367   Thumb Code     0  startup_stm32h750xx.o(.text)
    I2C2_ER_IRQHandler                       0x08000367   Thumb Code     0  startup_stm32h750xx.o(.text)
    I2C2_EV_IRQHandler                       0x08000367   Thumb Code     0  startup_stm32h750xx.o(.text)
    I2C3_ER_IRQHandler                       0x08000367   Thumb Code     0  startup_stm32h750xx.o(.text)
    I2C3_EV_IRQHandler                       0x08000367   Thumb Code     0  startup_stm32h750xx.o(.text)
    I2C4_ER_IRQHandler                       0x08000367   Thumb Code     0  startup_stm32h750xx.o(.text)
    I2C4_EV_IRQHandler                       0x08000367   Thumb Code     0  startup_stm32h750xx.o(.text)
    JPEG_IRQHandler                          0x08000367   Thumb Code     0  startup_stm32h750xx.o(.text)
    LPTIM1_IRQHandler                        0x08000367   Thumb Code     0  startup_stm32h750xx.o(.text)
    LPTIM2_IRQHandler                        0x08000367   Thumb Code     0  startup_stm32h750xx.o(.text)
    LPTIM3_IRQHandler                        0x08000367   Thumb Code     0  startup_stm32h750xx.o(.text)
    LPTIM4_IRQHandler                        0x08000367   Thumb Code     0  startup_stm32h750xx.o(.text)
    LPTIM5_IRQHandler                        0x08000367   Thumb Code     0  startup_stm32h750xx.o(.text)
    LPUART1_IRQHandler                       0x08000367   Thumb Code     0  startup_stm32h750xx.o(.text)
    LTDC_ER_IRQHandler                       0x08000367   Thumb Code     0  startup_stm32h750xx.o(.text)
    LTDC_IRQHandler                          0x08000367   Thumb Code     0  startup_stm32h750xx.o(.text)
    MDIOS_IRQHandler                         0x08000367   Thumb Code     0  startup_stm32h750xx.o(.text)
    MDIOS_WKUP_IRQHandler                    0x08000367   Thumb Code     0  startup_stm32h750xx.o(.text)
    MDMA_IRQHandler                          0x08000367   Thumb Code     0  startup_stm32h750xx.o(.text)
    OTG_FS_EP1_IN_IRQHandler                 0x08000367   Thumb Code     0  startup_stm32h750xx.o(.text)
    OTG_FS_EP1_OUT_IRQHandler                0x08000367   Thumb Code     0  startup_stm32h750xx.o(.text)
    OTG_FS_IRQHandler                        0x08000367   Thumb Code     0  startup_stm32h750xx.o(.text)
    OTG_FS_WKUP_IRQHandler                   0x08000367   Thumb Code     0  startup_stm32h750xx.o(.text)
    OTG_HS_EP1_IN_IRQHandler                 0x08000367   Thumb Code     0  startup_stm32h750xx.o(.text)
    OTG_HS_EP1_OUT_IRQHandler                0x08000367   Thumb Code     0  startup_stm32h750xx.o(.text)
    OTG_HS_IRQHandler                        0x08000367   Thumb Code     0  startup_stm32h750xx.o(.text)
    OTG_HS_WKUP_IRQHandler                   0x08000367   Thumb Code     0  startup_stm32h750xx.o(.text)
    PVD_AVD_IRQHandler                       0x08000367   Thumb Code     0  startup_stm32h750xx.o(.text)
    QUADSPI_IRQHandler                       0x08000367   Thumb Code     0  startup_stm32h750xx.o(.text)
    RCC_IRQHandler                           0x08000367   Thumb Code     0  startup_stm32h750xx.o(.text)
    RTC_Alarm_IRQHandler                     0x08000367   Thumb Code     0  startup_stm32h750xx.o(.text)
    RTC_WKUP_IRQHandler                      0x08000367   Thumb Code     0  startup_stm32h750xx.o(.text)
    SAI1_IRQHandler                          0x08000367   Thumb Code     0  startup_stm32h750xx.o(.text)
    SAI2_IRQHandler                          0x08000367   Thumb Code     0  startup_stm32h750xx.o(.text)
    SAI3_IRQHandler                          0x08000367   Thumb Code     0  startup_stm32h750xx.o(.text)
    SAI4_IRQHandler                          0x08000367   Thumb Code     0  startup_stm32h750xx.o(.text)
    SDMMC1_IRQHandler                        0x08000367   Thumb Code     0  startup_stm32h750xx.o(.text)
    SDMMC2_IRQHandler                        0x08000367   Thumb Code     0  startup_stm32h750xx.o(.text)
    SPDIF_RX_IRQHandler                      0x08000367   Thumb Code     0  startup_stm32h750xx.o(.text)
    SPI1_IRQHandler                          0x08000367   Thumb Code     0  startup_stm32h750xx.o(.text)
    SPI2_IRQHandler                          0x08000367   Thumb Code     0  startup_stm32h750xx.o(.text)
    SPI3_IRQHandler                          0x08000367   Thumb Code     0  startup_stm32h750xx.o(.text)
    SPI4_IRQHandler                          0x08000367   Thumb Code     0  startup_stm32h750xx.o(.text)
    SPI5_IRQHandler                          0x08000367   Thumb Code     0  startup_stm32h750xx.o(.text)
    SPI6_IRQHandler                          0x08000367   Thumb Code     0  startup_stm32h750xx.o(.text)
    SWPMI1_IRQHandler                        0x08000367   Thumb Code     0  startup_stm32h750xx.o(.text)
    TAMP_STAMP_IRQHandler                    0x08000367   Thumb Code     0  startup_stm32h750xx.o(.text)
    TIM15_IRQHandler                         0x08000367   Thumb Code     0  startup_stm32h750xx.o(.text)
    TIM16_IRQHandler                         0x08000367   Thumb Code     0  startup_stm32h750xx.o(.text)
    TIM17_IRQHandler                         0x08000367   Thumb Code     0  startup_stm32h750xx.o(.text)
    TIM1_BRK_IRQHandler                      0x08000367   Thumb Code     0  startup_stm32h750xx.o(.text)
    TIM1_CC_IRQHandler                       0x08000367   Thumb Code     0  startup_stm32h750xx.o(.text)
    TIM1_TRG_COM_IRQHandler                  0x08000367   Thumb Code     0  startup_stm32h750xx.o(.text)
    TIM1_UP_IRQHandler                       0x08000367   Thumb Code     0  startup_stm32h750xx.o(.text)
    TIM2_IRQHandler                          0x08000367   Thumb Code     0  startup_stm32h750xx.o(.text)
    TIM3_IRQHandler                          0x08000367   Thumb Code     0  startup_stm32h750xx.o(.text)
    TIM4_IRQHandler                          0x08000367   Thumb Code     0  startup_stm32h750xx.o(.text)
    TIM5_IRQHandler                          0x08000367   Thumb Code     0  startup_stm32h750xx.o(.text)
    TIM6_DAC_IRQHandler                      0x08000367   Thumb Code     0  startup_stm32h750xx.o(.text)
    TIM7_IRQHandler                          0x08000367   Thumb Code     0  startup_stm32h750xx.o(.text)
    TIM8_BRK_TIM12_IRQHandler                0x08000367   Thumb Code     0  startup_stm32h750xx.o(.text)
    TIM8_CC_IRQHandler                       0x08000367   Thumb Code     0  startup_stm32h750xx.o(.text)
    TIM8_TRG_COM_TIM14_IRQHandler            0x08000367   Thumb Code     0  startup_stm32h750xx.o(.text)
    TIM8_UP_TIM13_IRQHandler                 0x08000367   Thumb Code     0  startup_stm32h750xx.o(.text)
    UART4_IRQHandler                         0x08000367   Thumb Code     0  startup_stm32h750xx.o(.text)
    UART5_IRQHandler                         0x08000367   Thumb Code     0  startup_stm32h750xx.o(.text)
    UART7_IRQHandler                         0x08000367   Thumb Code     0  startup_stm32h750xx.o(.text)
    UART8_IRQHandler                         0x08000367   Thumb Code     0  startup_stm32h750xx.o(.text)
    USART1_IRQHandler                        0x08000367   Thumb Code     0  startup_stm32h750xx.o(.text)
    USART3_IRQHandler                        0x08000367   Thumb Code     0  startup_stm32h750xx.o(.text)
    USART6_IRQHandler                        0x08000367   Thumb Code     0  startup_stm32h750xx.o(.text)
    WAKEUP_PIN_IRQHandler                    0x08000367   Thumb Code     0  startup_stm32h750xx.o(.text)
    WWDG_IRQHandler                          0x08000367   Thumb Code     0  startup_stm32h750xx.o(.text)
    __user_initial_stackheap                 0x08000369   Thumb Code     0  startup_stm32h750xx.o(.text)
    __aeabi_uldivmod                         0x08000391   Thumb Code     0  lludivv7m.o(.text)
    _ll_udiv                                 0x08000391   Thumb Code   238  lludivv7m.o(.text)
    __2sprintf                               0x08000481   Thumb Code    34  noretval__2sprintf.o(.text)
    _printf_str                              0x080004a9   Thumb Code    82  _printf_str.o(.text)
    _printf_int_dec                          0x080004fd   Thumb Code   104  _printf_dec.o(.text)
    __printf                                 0x08000575   Thumb Code   184  __printf_ss.o(.text)
    __aeabi_memclr4                          0x0800062d   Thumb Code     0  rt_memclr_w.o(.text)
    __aeabi_memclr8                          0x0800062d   Thumb Code     0  rt_memclr_w.o(.text)
    __rt_memclr_w                            0x0800062d   Thumb Code    78  rt_memclr_w.o(.text)
    _memset_w                                0x08000631   Thumb Code     0  rt_memclr_w.o(.text)
    __use_two_region_memory                  0x0800067b   Thumb Code     2  heapauxi.o(.text)
    __rt_heap_escrow$2region                 0x0800067d   Thumb Code     2  heapauxi.o(.text)
    __rt_heap_expand$2region                 0x0800067f   Thumb Code     2  heapauxi.o(.text)
    _printf_int_common                       0x08000681   Thumb Code   178  _printf_intcommon.o(.text)
    _printf_char_common                      0x0800073f   Thumb Code    32  _printf_char_common.o(.text)
    _sputc                                   0x08000765   Thumb Code    10  _sputc.o(.text)
    _printf_cs_common                        0x0800076f   Thumb Code    20  _printf_char.o(.text)
    _printf_char                             0x08000783   Thumb Code    16  _printf_char.o(.text)
    _printf_string                           0x08000793   Thumb Code     8  _printf_char.o(.text)
    __user_setup_stackheap                   0x0800079b   Thumb Code    74  sys_stackheap_outer.o(.text)
    exit                                     0x080007e5   Thumb Code    18  exit.o(.text)
    __user_libspace                          0x080007f9   Thumb Code     8  libspace.o(.text)
    __user_perproc_libspace                  0x080007f9   Thumb Code     0  libspace.o(.text)
    __user_perthread_libspace                0x080007f9   Thumb Code     0  libspace.o(.text)
    _sys_exit                                0x08000801   Thumb Code     8  sys_exit.o(.text)
    __I$use$semihosting                      0x0800080d   Thumb Code     0  use_no_semi.o(.text)
    __use_no_semihosting_swi                 0x0800080d   Thumb Code     2  use_no_semi.o(.text)
    __semihosting_library_function           0x0800080f   Thumb Code     0  indicate_semi.o(.text)
    AD9910_AmpWrite                          0x08000811   Thumb Code    14  ad9910.o(i.AD9910_AmpWrite)
    AD9910_FreWrite                          0x08000825   Thumb Code    48  ad9910.o(i.AD9910_FreWrite)
    AD9910_IOInit                            0x08000861   Thumb Code   114  ad9910.o(i.AD9910_IOInit)
    ADC1_GetFrequency                        0x080008e1   Thumb Code   256  adc.o(i.ADC1_GetFrequency)
    ADC1_GetVpp_Voltage                      0x080009f9   Thumb Code   128  adc.o(i.ADC1_GetVpp_Voltage)
    ADC_ConfigureBoostMode                   0x08000a8d   Thumb Code   236  stm32h7xx_hal_adc.o(i.ADC_ConfigureBoostMode)
    ADC_ConversionStop                       0x08000b95   Thumb Code   220  stm32h7xx_hal_adc.o(i.ADC_ConversionStop)
    ADC_Disable                              0x08000c79   Thumb Code   106  stm32h7xx_hal_adc.o(i.ADC_Disable)
    ADC_Enable                               0x08000ce9   Thumb Code   148  stm32h7xx_hal_adc.o(i.ADC_Enable)
    BusFault_Handler                         0x08000fa1   Thumb Code     2  stm32h7xx_it.o(i.BusFault_Handler)
    DebugMon_Handler                         0x08000fa3   Thumb Code     2  stm32h7xx_it.o(i.DebugMon_Handler)
    Error_Handler                            0x08000fa5   Thumb Code     4  main.o(i.Error_Handler)
    ExitRun0Mode                             0x08000fa9   Thumb Code    22  system_stm32h7xx.o(i.ExitRun0Mode)
    HAL_ADCEx_Calibration_Start              0x08000fc5   Thumb Code   146  stm32h7xx_hal_adc_ex.o(i.HAL_ADCEx_Calibration_Start)
    HAL_ADCEx_MultiModeConfigChannel         0x08001061   Thumb Code   274  stm32h7xx_hal_adc_ex.o(i.HAL_ADCEx_MultiModeConfigChannel)
    HAL_ADC_ConfigChannel                    0x08001189   Thumb Code   946  stm32h7xx_hal_adc.o(i.HAL_ADC_ConfigChannel)
    HAL_ADC_GetValue                         0x080015a9   Thumb Code     6  stm32h7xx_hal_adc.o(i.HAL_ADC_GetValue)
    HAL_ADC_Init                             0x080015b1   Thumb Code   498  stm32h7xx_hal_adc.o(i.HAL_ADC_Init)
    HAL_ADC_MspInit                          0x080017d9   Thumb Code   140  stm32h7xx_hal_msp.o(i.HAL_ADC_MspInit)
    HAL_ADC_PollForConversion                0x08001871   Thumb Code   274  stm32h7xx_hal_adc.o(i.HAL_ADC_PollForConversion)
    HAL_ADC_Start                            0x08001995   Thumb Code   242  stm32h7xx_hal_adc.o(i.HAL_ADC_Start)
    HAL_ADC_Stop                             0x08001a9d   Thumb Code    62  stm32h7xx_hal_adc.o(i.HAL_ADC_Stop)
    HAL_DMA_Abort                            0x08001add   Thumb Code   836  stm32h7xx_hal_dma.o(i.HAL_DMA_Abort)
    HAL_DMA_Abort_IT                         0x08001e3d   Thumb Code   498  stm32h7xx_hal_dma.o(i.HAL_DMA_Abort_IT)
    HAL_Delay                                0x08002059   Thumb Code    32  stm32h7xx_hal.o(i.HAL_Delay)
    HAL_GPIO_Init                            0x0800207d   Thumb Code   514  stm32h7xx_hal_gpio.o(i.HAL_GPIO_Init)
    HAL_GetREVID                             0x080022b1   Thumb Code     8  stm32h7xx_hal.o(i.HAL_GetREVID)
    HAL_GetTick                              0x080022bd   Thumb Code     6  stm32h7xx_hal.o(i.HAL_GetTick)
    HAL_IncTick                              0x080022c9   Thumb Code    12  stm32h7xx_hal.o(i.HAL_IncTick)
    HAL_Init                                 0x080022d9   Thumb Code    74  stm32h7xx_hal.o(i.HAL_Init)
    HAL_InitTick                             0x08002335   Thumb Code    56  stm32h7xx_hal.o(i.HAL_InitTick)
    HAL_MPU_ConfigRegion                     0x08002375   Thumb Code    86  stm32h7xx_hal_cortex.o(i.HAL_MPU_ConfigRegion)
    HAL_MPU_Disable                          0x080023d1   Thumb Code    24  stm32h7xx_hal_cortex.o(i.HAL_MPU_Disable)
    HAL_MPU_Enable                           0x080023ed   Thumb Code    30  stm32h7xx_hal_cortex.o(i.HAL_MPU_Enable)
    HAL_MspInit                              0x08002411   Thumb Code    22  stm32h7xx_hal_msp.o(i.HAL_MspInit)
    HAL_NVIC_EnableIRQ                       0x0800242d   Thumb Code    26  stm32h7xx_hal_cortex.o(i.HAL_NVIC_EnableIRQ)
    HAL_NVIC_SetPriority                     0x08002449   Thumb Code    60  stm32h7xx_hal_cortex.o(i.HAL_NVIC_SetPriority)
    HAL_NVIC_SetPriorityGrouping             0x08002489   Thumb Code    28  stm32h7xx_hal_cortex.o(i.HAL_NVIC_SetPriorityGrouping)
    HAL_PWREx_ConfigSupply                   0x080024ad   Thumb Code    78  stm32h7xx_hal_pwr_ex.o(i.HAL_PWREx_ConfigSupply)
    HAL_RCCEx_GetD3PCLK1Freq                 0x08002501   Thumb Code    26  stm32h7xx_hal_rcc_ex.o(i.HAL_RCCEx_GetD3PCLK1Freq)
    HAL_RCCEx_GetPLL1ClockFreq               0x08002525   Thumb Code   298  stm32h7xx_hal_rcc_ex.o(i.HAL_RCCEx_GetPLL1ClockFreq)
    HAL_RCCEx_GetPLL2ClockFreq               0x0800266d   Thumb Code   296  stm32h7xx_hal_rcc_ex.o(i.HAL_RCCEx_GetPLL2ClockFreq)
    HAL_RCCEx_GetPLL3ClockFreq               0x080027b1   Thumb Code   296  stm32h7xx_hal_rcc_ex.o(i.HAL_RCCEx_GetPLL3ClockFreq)
    HAL_RCCEx_GetPeriphCLKFreq               0x080028f5   Thumb Code   692  stm32h7xx_hal_rcc_ex.o(i.HAL_RCCEx_GetPeriphCLKFreq)
    HAL_RCCEx_PeriphCLKConfig                0x08002bbd   Thumb Code  2472  stm32h7xx_hal_rcc_ex.o(i.HAL_RCCEx_PeriphCLKConfig)
    HAL_RCC_ClockConfig                      0x08003569   Thumb Code   580  stm32h7xx_hal_rcc.o(i.HAL_RCC_ClockConfig)
    HAL_RCC_GetHCLKFreq                      0x080037c5   Thumb Code    52  stm32h7xx_hal_rcc.o(i.HAL_RCC_GetHCLKFreq)
    HAL_RCC_GetPCLK1Freq                     0x08003809   Thumb Code    26  stm32h7xx_hal_rcc.o(i.HAL_RCC_GetPCLK1Freq)
    HAL_RCC_GetPCLK2Freq                     0x0800382d   Thumb Code    26  stm32h7xx_hal_rcc.o(i.HAL_RCC_GetPCLK2Freq)
    HAL_RCC_GetSysClockFreq                  0x08003851   Thumb Code   278  stm32h7xx_hal_rcc.o(i.HAL_RCC_GetSysClockFreq)
    HAL_RCC_OscConfig                        0x08003989   Thumb Code  1410  stm32h7xx_hal_rcc.o(i.HAL_RCC_OscConfig)
    HAL_SYSTICK_Config                       0x08003f0b   Thumb Code    38  stm32h7xx_hal_cortex.o(i.HAL_SYSTICK_Config)
    HAL_UARTEx_DisableFifoMode               0x08003f31   Thumb Code    64  stm32h7xx_hal_uart_ex.o(i.HAL_UARTEx_DisableFifoMode)
    HAL_UARTEx_RxEventCallback               0x08003f71   Thumb Code     2  stm32h7xx_hal_uart.o(i.HAL_UARTEx_RxEventCallback)
    HAL_UARTEx_RxFifoFullCallback            0x08003f73   Thumb Code     2  stm32h7xx_hal_uart_ex.o(i.HAL_UARTEx_RxFifoFullCallback)
    HAL_UARTEx_SetRxFifoThreshold            0x08003f75   Thumb Code    76  stm32h7xx_hal_uart_ex.o(i.HAL_UARTEx_SetRxFifoThreshold)
    HAL_UARTEx_SetTxFifoThreshold            0x08003fc1   Thumb Code    76  stm32h7xx_hal_uart_ex.o(i.HAL_UARTEx_SetTxFifoThreshold)
    HAL_UARTEx_TxFifoEmptyCallback           0x0800400d   Thumb Code     2  stm32h7xx_hal_uart_ex.o(i.HAL_UARTEx_TxFifoEmptyCallback)
    HAL_UARTEx_WakeupCallback                0x0800400f   Thumb Code     2  stm32h7xx_hal_uart_ex.o(i.HAL_UARTEx_WakeupCallback)
    HAL_UART_ErrorCallback                   0x08004011   Thumb Code     2  stm32h7xx_hal_uart.o(i.HAL_UART_ErrorCallback)
    HAL_UART_IRQHandler                      0x08004015   Thumb Code   898  stm32h7xx_hal_uart.o(i.HAL_UART_IRQHandler)
    HAL_UART_Init                            0x080043b1   Thumb Code   106  stm32h7xx_hal_uart.o(i.HAL_UART_Init)
    HAL_UART_MspInit                         0x0800441d   Thumb Code   136  stm32h7xx_hal_msp.o(i.HAL_UART_MspInit)
    HAL_UART_Receive_IT                      0x080044b1   Thumb Code    66  stm32h7xx_hal_uart.o(i.HAL_UART_Receive_IT)
    HAL_UART_RxCpltCallback                  0x080044f9   Thumb Code   118  usart2.o(i.HAL_UART_RxCpltCallback)
    HAL_UART_Transmit                        0x08004581   Thumb Code   184  stm32h7xx_hal_uart.o(i.HAL_UART_Transmit)
    HAL_UART_TxCpltCallback                  0x08004639   Thumb Code     2  stm32h7xx_hal_uart.o(i.HAL_UART_TxCpltCallback)
    HardFault_Handler                        0x0800463b   Thumb Code     2  stm32h7xx_it.o(i.HardFault_Handler)
    Init_AD9910                              0x0800463d   Thumb Code   226  ad9910.o(i.Init_AD9910)
    MemManage_Handler                        0x08004851   Thumb Code     2  stm32h7xx_it.o(i.MemManage_Handler)
    NMI_Handler                              0x08004853   Thumb Code     2  stm32h7xx_it.o(i.NMI_Handler)
    PendSV_Handler                           0x08004855   Thumb Code     2  stm32h7xx_it.o(i.PendSV_Handler)
    SVC_Handler                              0x08004a99   Thumb Code     2  stm32h7xx_it.o(i.SVC_Handler)
    SysTick_Handler                          0x08004b9d   Thumb Code     4  stm32h7xx_it.o(i.SysTick_Handler)
    SystemClock_Config                       0x08004ba1   Thumb Code   142  main.o(i.SystemClock_Config)
    SystemInit                               0x08004c3d   Thumb Code   206  system_stm32h7xx.o(i.SystemInit)
    Txfrc                                    0x08004d35   Thumb Code    52  ad9910.o(i.Txfrc)
    UART_AdvFeatureConfig                    0x08004db9   Thumb Code   200  stm32h7xx_hal_uart.o(i.UART_AdvFeatureConfig)
    UART_CheckIdleState                      0x08004e81   Thumb Code   170  stm32h7xx_hal_uart.o(i.UART_CheckIdleState)
    UART_SetConfig                           0x08005459   Thumb Code   876  stm32h7xx_hal_uart.o(i.UART_SetConfig)
    UART_Start_Receive_IT                    0x08005805   Thumb Code   256  stm32h7xx_hal_uart.o(i.UART_Start_Receive_IT)
    UART_WaitOnFlagUntilTimeout              0x08005915   Thumb Code   148  stm32h7xx_hal_uart.o(i.UART_WaitOnFlagUntilTimeout)
    USART2_IRQHandler                        0x080059a9   Thumb Code     6  stm32h7xx_it.o(i.USART2_IRQHandler)
    USART2_ProcessPacket                     0x080059b5   Thumb Code   144  usart2.o(i.USART2_ProcessPacket)
    USART2_Reset                             0x08005a55   Thumb Code    14  usart2.o(i.USART2_Reset)
    USART2_StartReceive                      0x08005a69   Thumb Code    10  usart2.o(i.USART2_StartReceive)
    UsageFault_Handler                       0x08005a7d   Thumb Code     2  stm32h7xx_it.o(i.UsageFault_Handler)
    main                                     0x08005aa1   Thumb Code   542  main.o(i.main)
    txd_8bit                                 0x08005d49   Thumb Code    52  ad9910.o(i.txd_8bit)
    usart2_send_byte                         0x08005d85   Thumb Code    18  usart2.o(i.usart2_send_byte)
    usart2_send_string                       0x08005d9d   Thumb Code    20  usart2.o(i.usart2_send_string)
    _fp_init                                 0x08005db1   Thumb Code    10  fpinit.o(x$fpl$fpinit)
    __fplib_config_fpu_vfp                   0x08005db9   Thumb Code     0  fpinit.o(x$fpl$fpinit)
    __fplib_config_pureend_doubles           0x08005db9   Thumb Code     0  fpinit.o(x$fpl$fpinit)
    UARTPrescTable                           0x08005dba   Data          24  stm32h7xx_hal_uart.o(.constdata)
    D1CorePrescTable                         0x08005de2   Data          16  system_stm32h7xx.o(.constdata)
    cfr1                                     0x08005df2   Data           4  ad9910.o(.constdata)
    cfr2                                     0x08005df6   Data           4  ad9910.o(.constdata)
    cfr3                                     0x08005dfa   Data           4  ad9910.o(.constdata)
    Region$$Table$$Base                      0x08005e00   Number         0  anon$$obj.o(Region$$Table)
    Region$$Table$$Limit                     0x08005e20   Number         0  anon$$obj.o(Region$$Table)
    sweep_start_flag                         0x2400000c   Data           1  usart2.o(.data)
    replicate_start_flag                     0x2400000d   Data           1  usart2.o(.data)
    rx_frame_ready                           0x24000011   Data           1  usart2.o(.data)
    g_init_done                              0x24000012   Data           1  usart2.o(.data)
    freq                                     0x24000014   Data           4  usart2.o(.data)
    vpp                                      0x24000018   Data           4  usart2.o(.data)
    sweep_running                            0x2400001c   Data           1  usart2.o(.data)
    uwTickFreq                               0x24000020   Data           1  stm32h7xx_hal.o(.data)
    uwTickPrio                               0x24000024   Data           4  stm32h7xx_hal.o(.data)
    uwTick                                   0x24000028   Data           4  stm32h7xx_hal.o(.data)
    SystemCoreClock                          0x2400002c   Data           4  system_stm32h7xx.o(.data)
    SystemD2Clock                            0x24000030   Data           4  system_stm32h7xx.o(.data)
    profile11                                0x24000034   Data           8  ad9910.o(.data)
    hadc1                                    0x2400003c   Data         100  main.o(.bss)
    huart2                                   0x240000a0   Data         148  main.o(.bss)
    sweep_vpp_data                           0x24000134   Data         984  usart2.o(.bss)
    __libspace_start                         0x24003d30   Data          96  libspace.o(.bss)
    __temporary_stack_top$libspace           0x24003d90   Data           0  libspace.o(.bss)



==============================================================================

Memory Map of the image

  Image Entry point : 0x08000299

  Load Region LR_IROM1 (Base: 0x08000000, Size: 0x00005e5c, Max: 0x00020000, ABSOLUTE)

    Execution Region ER_IROM1 (Exec base: 0x08000000, Load base: 0x08000000, Size: 0x00005e20, Max: 0x00020000, ABSOLUTE)

    Exec Addr    Load Addr    Size         Type   Attr      Idx    E Section Name        Object

    0x08000000   0x08000000   0x00000298   Data   RO            3    RESET               startup_stm32h750xx.o
    0x08000298   0x08000298   0x00000008   Code   RO         4954  * !!!main             c_w.l(__main.o)
    0x080002a0   0x080002a0   0x00000034   Code   RO         5132    !!!scatter          c_w.l(__scatter.o)
    0x080002d4   0x080002d4   0x0000001a   Code   RO         5134    !!handler_copy      c_w.l(__scatter_copy.o)
    0x080002ee   0x080002ee   0x00000002   PAD
    0x080002f0   0x080002f0   0x0000001c   Code   RO         5136    !!handler_zi        c_w.l(__scatter_zi.o)
    0x0800030c   0x0800030c   0x00000000   Code   RO         4949    .ARM.Collect$$_printf_percent$$00000000  c_w.l(_printf_percent.o)
    0x0800030c   0x0800030c   0x00000006   Code   RO         4948    .ARM.Collect$$_printf_percent$$0000000A  c_w.l(_printf_u.o)
    0x08000312   0x08000312   0x00000006   Code   RO         4947    .ARM.Collect$$_printf_percent$$00000014  c_w.l(_printf_s.o)
    0x08000318   0x08000318   0x00000004   Code   RO         4969    .ARM.Collect$$_printf_percent$$00000017  c_w.l(_printf_percent_end.o)
    0x0800031c   0x0800031c   0x00000002   Code   RO         5002    .ARM.Collect$$libinit$$00000000  c_w.l(libinit.o)
    0x0800031e   0x0800031e   0x00000004   Code   RO         5014    .ARM.Collect$$libinit$$00000001  c_w.l(libinit2.o)
    0x08000322   0x08000322   0x00000000   Code   RO         5017    .ARM.Collect$$libinit$$00000004  c_w.l(libinit2.o)
    0x08000322   0x08000322   0x00000000   Code   RO         5020    .ARM.Collect$$libinit$$0000000A  c_w.l(libinit2.o)
    0x08000322   0x08000322   0x00000000   Code   RO         5022    .ARM.Collect$$libinit$$0000000C  c_w.l(libinit2.o)
    0x08000322   0x08000322   0x00000000   Code   RO         5024    .ARM.Collect$$libinit$$0000000E  c_w.l(libinit2.o)
    0x08000322   0x08000322   0x00000000   Code   RO         5027    .ARM.Collect$$libinit$$00000011  c_w.l(libinit2.o)
    0x08000322   0x08000322   0x00000000   Code   RO         5029    .ARM.Collect$$libinit$$00000013  c_w.l(libinit2.o)
    0x08000322   0x08000322   0x00000000   Code   RO         5031    .ARM.Collect$$libinit$$00000015  c_w.l(libinit2.o)
    0x08000322   0x08000322   0x00000000   Code   RO         5033    .ARM.Collect$$libinit$$00000017  c_w.l(libinit2.o)
    0x08000322   0x08000322   0x00000000   Code   RO         5035    .ARM.Collect$$libinit$$00000019  c_w.l(libinit2.o)
    0x08000322   0x08000322   0x00000000   Code   RO         5037    .ARM.Collect$$libinit$$0000001B  c_w.l(libinit2.o)
    0x08000322   0x08000322   0x00000000   Code   RO         5039    .ARM.Collect$$libinit$$0000001D  c_w.l(libinit2.o)
    0x08000322   0x08000322   0x00000000   Code   RO         5041    .ARM.Collect$$libinit$$0000001F  c_w.l(libinit2.o)
    0x08000322   0x08000322   0x00000000   Code   RO         5043    .ARM.Collect$$libinit$$00000021  c_w.l(libinit2.o)
    0x08000322   0x08000322   0x00000000   Code   RO         5045    .ARM.Collect$$libinit$$00000023  c_w.l(libinit2.o)
    0x08000322   0x08000322   0x00000000   Code   RO         5047    .ARM.Collect$$libinit$$00000025  c_w.l(libinit2.o)
    0x08000322   0x08000322   0x00000000   Code   RO         5051    .ARM.Collect$$libinit$$0000002C  c_w.l(libinit2.o)
    0x08000322   0x08000322   0x00000000   Code   RO         5053    .ARM.Collect$$libinit$$0000002E  c_w.l(libinit2.o)
    0x08000322   0x08000322   0x00000000   Code   RO         5055    .ARM.Collect$$libinit$$00000030  c_w.l(libinit2.o)
    0x08000322   0x08000322   0x00000000   Code   RO         5057    .ARM.Collect$$libinit$$00000032  c_w.l(libinit2.o)
    0x08000322   0x08000322   0x00000002   Code   RO         5058    .ARM.Collect$$libinit$$00000033  c_w.l(libinit2.o)
    0x08000324   0x08000324   0x00000002   Code   RO         5089    .ARM.Collect$$libshutdown$$00000000  c_w.l(libshutdown.o)
    0x08000326   0x08000326   0x00000000   Code   RO         5115    .ARM.Collect$$libshutdown$$00000002  c_w.l(libshutdown2.o)
    0x08000326   0x08000326   0x00000000   Code   RO         5117    .ARM.Collect$$libshutdown$$00000004  c_w.l(libshutdown2.o)
    0x08000326   0x08000326   0x00000000   Code   RO         5120    .ARM.Collect$$libshutdown$$00000007  c_w.l(libshutdown2.o)
    0x08000326   0x08000326   0x00000000   Code   RO         5123    .ARM.Collect$$libshutdown$$0000000A  c_w.l(libshutdown2.o)
    0x08000326   0x08000326   0x00000000   Code   RO         5125    .ARM.Collect$$libshutdown$$0000000C  c_w.l(libshutdown2.o)
    0x08000326   0x08000326   0x00000000   Code   RO         5128    .ARM.Collect$$libshutdown$$0000000F  c_w.l(libshutdown2.o)
    0x08000326   0x08000326   0x00000002   Code   RO         5129    .ARM.Collect$$libshutdown$$00000010  c_w.l(libshutdown2.o)
    0x08000328   0x08000328   0x00000000   Code   RO         4956    .ARM.Collect$$rtentry$$00000000  c_w.l(__rtentry.o)
    0x08000328   0x08000328   0x00000000   Code   RO         4971    .ARM.Collect$$rtentry$$00000002  c_w.l(__rtentry2.o)
    0x08000328   0x08000328   0x00000006   Code   RO         4983    .ARM.Collect$$rtentry$$00000004  c_w.l(__rtentry4.o)
    0x0800032e   0x0800032e   0x00000000   Code   RO         4973    .ARM.Collect$$rtentry$$00000009  c_w.l(__rtentry2.o)
    0x0800032e   0x0800032e   0x00000004   Code   RO         4974    .ARM.Collect$$rtentry$$0000000A  c_w.l(__rtentry2.o)
    0x08000332   0x08000332   0x00000000   Code   RO         4976    .ARM.Collect$$rtentry$$0000000C  c_w.l(__rtentry2.o)
    0x08000332   0x08000332   0x00000008   Code   RO         4977    .ARM.Collect$$rtentry$$0000000D  c_w.l(__rtentry2.o)
    0x0800033a   0x0800033a   0x00000002   Code   RO         5006    .ARM.Collect$$rtexit$$00000000  c_w.l(rtexit.o)
    0x0800033c   0x0800033c   0x00000000   Code   RO         5062    .ARM.Collect$$rtexit$$00000002  c_w.l(rtexit2.o)
    0x0800033c   0x0800033c   0x00000004   Code   RO         5063    .ARM.Collect$$rtexit$$00000003  c_w.l(rtexit2.o)
    0x08000340   0x08000340   0x00000006   Code   RO         5064    .ARM.Collect$$rtexit$$00000004  c_w.l(rtexit2.o)
    0x08000346   0x08000346   0x00000002   PAD
    0x08000348   0x08000348   0x00000048   Code   RO            4    .text               startup_stm32h750xx.o
    0x08000390   0x08000390   0x000000ee   Code   RO         4913    .text               c_w.l(lludivv7m.o)
    0x0800047e   0x0800047e   0x00000002   PAD
    0x08000480   0x08000480   0x00000028   Code   RO         4919    .text               c_w.l(noretval__2sprintf.o)
    0x080004a8   0x080004a8   0x00000052   Code   RO         4923    .text               c_w.l(_printf_str.o)
    0x080004fa   0x080004fa   0x00000002   PAD
    0x080004fc   0x080004fc   0x00000078   Code   RO         4925    .text               c_w.l(_printf_dec.o)
    0x08000574   0x08000574   0x000000b8   Code   RO         4930    .text               c_w.l(__printf_ss.o)
    0x0800062c   0x0800062c   0x0000004e   Code   RO         4950    .text               c_w.l(rt_memclr_w.o)
    0x0800067a   0x0800067a   0x00000006   Code   RO         4952    .text               c_w.l(heapauxi.o)
    0x08000680   0x08000680   0x000000b2   Code   RO         4961    .text               c_w.l(_printf_intcommon.o)
    0x08000732   0x08000732   0x00000002   PAD
    0x08000734   0x08000734   0x00000030   Code   RO         4963    .text               c_w.l(_printf_char_common.o)
    0x08000764   0x08000764   0x0000000a   Code   RO         4965    .text               c_w.l(_sputc.o)
    0x0800076e   0x0800076e   0x0000002c   Code   RO         4967    .text               c_w.l(_printf_char.o)
    0x0800079a   0x0800079a   0x0000004a   Code   RO         4989    .text               c_w.l(sys_stackheap_outer.o)
    0x080007e4   0x080007e4   0x00000012   Code   RO         4991    .text               c_w.l(exit.o)
    0x080007f6   0x080007f6   0x00000002   PAD
    0x080007f8   0x080007f8   0x00000008   Code   RO         5003    .text               c_w.l(libspace.o)
    0x08000800   0x08000800   0x0000000c   Code   RO         5059    .text               c_w.l(sys_exit.o)
    0x0800080c   0x0800080c   0x00000002   Code   RO         5078    .text               c_w.l(use_no_semi.o)
    0x0800080e   0x0800080e   0x00000000   Code   RO         5080    .text               c_w.l(indicate_semi.o)
    0x0800080e   0x0800080e   0x00000002   PAD
    0x08000810   0x08000810   0x00000014   Code   RO         4000    i.AD9910_AmpWrite   ad9910.o
    0x08000824   0x08000824   0x0000003c   Code   RO         4001    i.AD9910_FreWrite   ad9910.o
    0x08000860   0x08000860   0x00000080   Code   RO         4002    i.AD9910_IOInit     ad9910.o
    0x080008e0   0x080008e0   0x00000118   Code   RO          499    i.ADC1_GetFrequency  adc.o
    0x080009f8   0x080009f8   0x00000094   Code   RO          502    i.ADC1_GetVpp_Voltage  adc.o
    0x08000a8c   0x08000a8c   0x00000108   Code   RO          552    i.ADC_ConfigureBoostMode  stm32h7xx_hal_adc.o
    0x08000b94   0x08000b94   0x000000e4   Code   RO          553    i.ADC_ConversionStop  stm32h7xx_hal_adc.o
    0x08000c78   0x08000c78   0x00000070   Code   RO          557    i.ADC_Disable       stm32h7xx_hal_adc.o
    0x08000ce8   0x08000ce8   0x000000a8   Code   RO          558    i.ADC_Enable        stm32h7xx_hal_adc.o
    0x08000d90   0x08000d90   0x00000210   Code   RO           13    i.Analyze_FilterType  main.o
    0x08000fa0   0x08000fa0   0x00000002   Code   RO          277    i.BusFault_Handler  stm32h7xx_it.o
    0x08000fa2   0x08000fa2   0x00000002   Code   RO          278    i.DebugMon_Handler  stm32h7xx_it.o
    0x08000fa4   0x08000fa4   0x00000004   Code   RO           14    i.Error_Handler     main.o
    0x08000fa8   0x08000fa8   0x0000001c   Code   RO         3957    i.ExitRun0Mode      system_stm32h7xx.o
    0x08000fc4   0x08000fc4   0x0000009c   Code   RO          769    i.HAL_ADCEx_Calibration_Start  stm32h7xx_hal_adc_ex.o
    0x08001060   0x08001060   0x00000128   Code   RO          789    i.HAL_ADCEx_MultiModeConfigChannel  stm32h7xx_hal_adc_ex.o
    0x08001188   0x08001188   0x00000420   Code   RO          560    i.HAL_ADC_ConfigChannel  stm32h7xx_hal_adc.o
    0x080015a8   0x080015a8   0x00000006   Code   RO          567    i.HAL_ADC_GetValue  stm32h7xx_hal_adc.o
    0x080015ae   0x080015ae   0x00000002   PAD
    0x080015b0   0x080015b0   0x00000228   Code   RO          569    i.HAL_ADC_Init      stm32h7xx_hal_adc.o
    0x080017d8   0x080017d8   0x00000098   Code   RO          360    i.HAL_ADC_MspInit   stm32h7xx_hal_msp.o
    0x08001870   0x08001870   0x00000124   Code   RO          573    i.HAL_ADC_PollForConversion  stm32h7xx_hal_adc.o
    0x08001994   0x08001994   0x00000108   Code   RO          575    i.HAL_ADC_Start     stm32h7xx_hal_adc.o
    0x08001a9c   0x08001a9c   0x0000003e   Code   RO          578    i.HAL_ADC_Stop      stm32h7xx_hal_adc.o
    0x08001ada   0x08001ada   0x00000002   PAD
    0x08001adc   0x08001adc   0x00000360   Code   RO         1618    i.HAL_DMA_Abort     stm32h7xx_hal_dma.o
    0x08001e3c   0x08001e3c   0x0000021c   Code   RO         1619    i.HAL_DMA_Abort_IT  stm32h7xx_hal_dma.o
    0x08002058   0x08002058   0x00000024   Code   RO         2480    i.HAL_Delay         stm32h7xx_hal.o
    0x0800207c   0x0800207c   0x00000234   Code   RO         1466    i.HAL_GPIO_Init     stm32h7xx_hal_gpio.o
    0x080022b0   0x080022b0   0x0000000c   Code   RO         2491    i.HAL_GetREVID      stm32h7xx_hal.o
    0x080022bc   0x080022bc   0x0000000c   Code   RO         2492    i.HAL_GetTick       stm32h7xx_hal.o
    0x080022c8   0x080022c8   0x00000010   Code   RO         2498    i.HAL_IncTick       stm32h7xx_hal.o
    0x080022d8   0x080022d8   0x0000005c   Code   RO         2499    i.HAL_Init          stm32h7xx_hal.o
    0x08002334   0x08002334   0x00000040   Code   RO         2500    i.HAL_InitTick      stm32h7xx_hal.o
    0x08002374   0x08002374   0x0000005c   Code   RO         2321    i.HAL_MPU_ConfigRegion  stm32h7xx_hal_cortex.o
    0x080023d0   0x080023d0   0x0000001c   Code   RO         2322    i.HAL_MPU_Disable   stm32h7xx_hal_cortex.o
    0x080023ec   0x080023ec   0x00000024   Code   RO         2324    i.HAL_MPU_Enable    stm32h7xx_hal_cortex.o
    0x08002410   0x08002410   0x0000001c   Code   RO          361    i.HAL_MspInit       stm32h7xx_hal_msp.o
    0x0800242c   0x0800242c   0x0000001a   Code   RO         2328    i.HAL_NVIC_EnableIRQ  stm32h7xx_hal_cortex.o
    0x08002446   0x08002446   0x00000002   PAD
    0x08002448   0x08002448   0x00000040   Code   RO         2334    i.HAL_NVIC_SetPriority  stm32h7xx_hal_cortex.o
    0x08002488   0x08002488   0x00000024   Code   RO         2335    i.HAL_NVIC_SetPriorityGrouping  stm32h7xx_hal_cortex.o
    0x080024ac   0x080024ac   0x00000054   Code   RO         2067    i.HAL_PWREx_ConfigSupply  stm32h7xx_hal_pwr_ex.o
    0x08002500   0x08002500   0x00000024   Code   RO         1109    i.HAL_RCCEx_GetD3PCLK1Freq  stm32h7xx_hal_rcc_ex.o
    0x08002524   0x08002524   0x00000148   Code   RO         1110    i.HAL_RCCEx_GetPLL1ClockFreq  stm32h7xx_hal_rcc_ex.o
    0x0800266c   0x0800266c   0x00000144   Code   RO         1111    i.HAL_RCCEx_GetPLL2ClockFreq  stm32h7xx_hal_rcc_ex.o
    0x080027b0   0x080027b0   0x00000144   Code   RO         1112    i.HAL_RCCEx_GetPLL3ClockFreq  stm32h7xx_hal_rcc_ex.o
    0x080028f4   0x080028f4   0x000002c8   Code   RO         1114    i.HAL_RCCEx_GetPeriphCLKFreq  stm32h7xx_hal_rcc_ex.o
    0x08002bbc   0x08002bbc   0x000009ac   Code   RO         1118    i.HAL_RCCEx_PeriphCLKConfig  stm32h7xx_hal_rcc_ex.o
    0x08003568   0x08003568   0x0000025c   Code   RO          994    i.HAL_RCC_ClockConfig  stm32h7xx_hal_rcc.o
    0x080037c4   0x080037c4   0x00000044   Code   RO          999    i.HAL_RCC_GetHCLKFreq  stm32h7xx_hal_rcc.o
    0x08003808   0x08003808   0x00000024   Code   RO         1001    i.HAL_RCC_GetPCLK1Freq  stm32h7xx_hal_rcc.o
    0x0800382c   0x0800382c   0x00000024   Code   RO         1002    i.HAL_RCC_GetPCLK2Freq  stm32h7xx_hal_rcc.o
    0x08003850   0x08003850   0x00000138   Code   RO         1003    i.HAL_RCC_GetSysClockFreq  stm32h7xx_hal_rcc.o
    0x08003988   0x08003988   0x00000582   Code   RO         1006    i.HAL_RCC_OscConfig  stm32h7xx_hal_rcc.o
    0x08003f0a   0x08003f0a   0x00000026   Code   RO         2339    i.HAL_SYSTICK_Config  stm32h7xx_hal_cortex.o
    0x08003f30   0x08003f30   0x00000040   Code   RO         3839    i.HAL_UARTEx_DisableFifoMode  stm32h7xx_hal_uart_ex.o
    0x08003f70   0x08003f70   0x00000002   Code   RO         3428    i.HAL_UARTEx_RxEventCallback  stm32h7xx_hal_uart.o
    0x08003f72   0x08003f72   0x00000002   Code   RO         3847    i.HAL_UARTEx_RxFifoFullCallback  stm32h7xx_hal_uart_ex.o
    0x08003f74   0x08003f74   0x0000004c   Code   RO         3848    i.HAL_UARTEx_SetRxFifoThreshold  stm32h7xx_hal_uart_ex.o
    0x08003fc0   0x08003fc0   0x0000004c   Code   RO         3849    i.HAL_UARTEx_SetTxFifoThreshold  stm32h7xx_hal_uart_ex.o
    0x0800400c   0x0800400c   0x00000002   Code   RO         3851    i.HAL_UARTEx_TxFifoEmptyCallback  stm32h7xx_hal_uart_ex.o
    0x0800400e   0x0800400e   0x00000002   Code   RO         3852    i.HAL_UARTEx_WakeupCallback  stm32h7xx_hal_uart_ex.o
    0x08004010   0x08004010   0x00000002   Code   RO         3444    i.HAL_UART_ErrorCallback  stm32h7xx_hal_uart.o
    0x08004012   0x08004012   0x00000002   PAD
    0x08004014   0x08004014   0x0000039c   Code   RO         3447    i.HAL_UART_IRQHandler  stm32h7xx_hal_uart.o
    0x080043b0   0x080043b0   0x0000006a   Code   RO         3448    i.HAL_UART_Init     stm32h7xx_hal_uart.o
    0x0800441a   0x0800441a   0x00000002   PAD
    0x0800441c   0x0800441c   0x00000094   Code   RO          363    i.HAL_UART_MspInit  stm32h7xx_hal_msp.o
    0x080044b0   0x080044b0   0x00000048   Code   RO         3453    i.HAL_UART_Receive_IT  stm32h7xx_hal_uart.o
    0x080044f8   0x080044f8   0x00000088   Code   RO          407    i.HAL_UART_RxCpltCallback  usart2.o
    0x08004580   0x08004580   0x000000b8   Code   RO         3457    i.HAL_UART_Transmit  stm32h7xx_hal_uart.o
    0x08004638   0x08004638   0x00000002   Code   RO         3460    i.HAL_UART_TxCpltCallback  stm32h7xx_hal_uart.o
    0x0800463a   0x0800463a   0x00000002   Code   RO          279    i.HardFault_Handler  stm32h7xx_it.o
    0x0800463c   0x0800463c   0x000000f0   Code   RO         4003    i.Init_AD9910       ad9910.o
    0x0800472c   0x0800472c   0x00000008   Code   RO          581    i.LL_ADC_INJ_IsConversionOngoing  stm32h7xx_hal_adc.o
    0x08004734   0x08004734   0x00000008   Code   RO          582    i.LL_ADC_REG_IsConversionOngoing  stm32h7xx_hal_adc.o
    0x0800473c   0x0800473c   0x00000008   Code   RO          799    i.LL_ADC_REG_IsConversionOngoing  stm32h7xx_hal_adc_ex.o
    0x08004744   0x08004744   0x00000010   Code   RO          583    i.LL_ADC_REG_IsTriggerSourceSWStart  stm32h7xx_hal_adc.o
    0x08004754   0x08004754   0x00000098   Code   RO           15    i.MX_ADC1_Init      main.o
    0x080047ec   0x080047ec   0x00000064   Code   RO           16    i.MX_USART2_UART_Init  main.o
    0x08004850   0x08004850   0x00000002   Code   RO          280    i.MemManage_Handler  stm32h7xx_it.o
    0x08004852   0x08004852   0x00000002   Code   RO          281    i.NMI_Handler       stm32h7xx_it.o
    0x08004854   0x08004854   0x00000002   Code   RO          282    i.PendSV_Handler    stm32h7xx_it.o
    0x08004856   0x08004856   0x00000002   PAD
    0x08004858   0x08004858   0x00000120   Code   RO         1121    i.RCCEx_PLL2_Config  stm32h7xx_hal_rcc_ex.o
    0x08004978   0x08004978   0x00000120   Code   RO         1122    i.RCCEx_PLL3_Config  stm32h7xx_hal_rcc_ex.o
    0x08004a98   0x08004a98   0x00000002   Code   RO          283    i.SVC_Handler       stm32h7xx_it.o
    0x08004a9a   0x08004a9a   0x00000002   PAD
    0x08004a9c   0x08004a9c   0x00000100   Code   RO           17    i.Sweep_Frequency   main.o
    0x08004b9c   0x08004b9c   0x00000004   Code   RO          284    i.SysTick_Handler   stm32h7xx_it.o
    0x08004ba0   0x08004ba0   0x0000009c   Code   RO           18    i.SystemClock_Config  main.o
    0x08004c3c   0x08004c3c   0x000000f8   Code   RO         3959    i.SystemInit        system_stm32h7xx.o
    0x08004d34   0x08004d34   0x00000040   Code   RO         4004    i.Txfrc             ad9910.o
    0x08004d74   0x08004d74   0x00000044   Code   RO         3853    i.UARTEx_SetNbDataToProcess  stm32h7xx_hal_uart_ex.o
    0x08004db8   0x08004db8   0x000000c8   Code   RO         3462    i.UART_AdvFeatureConfig  stm32h7xx_hal_uart.o
    0x08004e80   0x08004e80   0x000000aa   Code   RO         3463    i.UART_CheckIdleState  stm32h7xx_hal_uart.o
    0x08004f2a   0x08004f2a   0x0000000a   Code   RO         3464    i.UART_DMAAbortOnError  stm32h7xx_hal_uart.o
    0x08004f34   0x08004f34   0x00000054   Code   RO         3474    i.UART_EndRxTransfer  stm32h7xx_hal_uart.o
    0x08004f88   0x08004f88   0x000000c8   Code   RO         3476    i.UART_RxISR_16BIT  stm32h7xx_hal_uart.o
    0x08005050   0x08005050   0x000001a0   Code   RO         3477    i.UART_RxISR_16BIT_FIFOEN  stm32h7xx_hal_uart.o
    0x080051f0   0x080051f0   0x000000c8   Code   RO         3478    i.UART_RxISR_8BIT   stm32h7xx_hal_uart.o
    0x080052b8   0x080052b8   0x000001a0   Code   RO         3479    i.UART_RxISR_8BIT_FIFOEN  stm32h7xx_hal_uart.o
    0x08005458   0x08005458   0x000003ac   Code   RO         3480    i.UART_SetConfig    stm32h7xx_hal_uart.o
    0x08005804   0x08005804   0x00000110   Code   RO         3482    i.UART_Start_Receive_IT  stm32h7xx_hal_uart.o
    0x08005914   0x08005914   0x00000094   Code   RO         3487    i.UART_WaitOnFlagUntilTimeout  stm32h7xx_hal_uart.o
    0x080059a8   0x080059a8   0x0000000c   Code   RO          285    i.USART2_IRQHandler  stm32h7xx_it.o
    0x080059b4   0x080059b4   0x000000a0   Code   RO          408    i.USART2_ProcessPacket  usart2.o
    0x08005a54   0x08005a54   0x00000014   Code   RO          409    i.USART2_Reset      usart2.o
    0x08005a68   0x08005a68   0x00000014   Code   RO          410    i.USART2_StartReceive  usart2.o
    0x08005a7c   0x08005a7c   0x00000002   Code   RO          286    i.UsageFault_Handler  stm32h7xx_it.o
    0x08005a7e   0x08005a7e   0x00000022   Code   RO         2341    i.__NVIC_SetPriority  stm32h7xx_hal_cortex.o
    0x08005aa0   0x08005aa0   0x00000270   Code   RO           19    i.main              main.o
    0x08005d10   0x08005d10   0x00000038   Code   RO          411    i.send_val_to_screen  usart2.o
    0x08005d48   0x08005d48   0x0000003c   Code   RO         4005    i.txd_8bit          ad9910.o
    0x08005d84   0x08005d84   0x00000018   Code   RO          415    i.usart2_send_byte  usart2.o
    0x08005d9c   0x08005d9c   0x00000014   Code   RO          416    i.usart2_send_string  usart2.o
    0x08005db0   0x08005db0   0x0000000a   Code   RO         5074    x$fpl$fpinit        fz_wv.l(fpinit.o)
    0x08005dba   0x08005dba   0x00000018   Data   RO         3488    .constdata          stm32h7xx_hal_uart.o
    0x08005dd2   0x08005dd2   0x00000010   Data   RO         3854    .constdata          stm32h7xx_hal_uart_ex.o
    0x08005de2   0x08005de2   0x00000010   Data   RO         3960    .constdata          system_stm32h7xx.o
    0x08005df2   0x08005df2   0x0000000c   Data   RO         4006    .constdata          ad9910.o
    0x08005dfe   0x08005dfe   0x00000002   PAD
    0x08005e00   0x08005e00   0x00000020   Data   RO         5130    Region$$Table       anon$$obj.o


    Execution Region RW_IRAM1 (Exec base: 0x20000000, Load base: 0x08005e20, Size: 0x00000000, Max: 0x00020000, ABSOLUTE)

    **** No section assigned to this execution region ****


    Execution Region RW_IRAM2 (Exec base: 0x24000000, Load base: 0x08005e20, Size: 0x00004390, Max: 0x00080000, ABSOLUTE)

    Exec Addr    Load Addr    Size         Type   Attr      Idx    E Section Name        Object

    0x24000000   0x08005e20   0x0000000c   Data   RW           21    .data               main.o
    0x2400000c   0x08005e2c   0x00000010   Data   RW          422    .data               usart2.o
    0x2400001c   0x08005e3c   0x00000001   Data   RW          423    .data               usart2.o
    0x2400001d   0x08005e3d   0x00000003   PAD
    0x24000020   0x08005e40   0x0000000c   Data   RW         2521    .data               stm32h7xx_hal.o
    0x2400002c   0x08005e4c   0x00000008   Data   RW         3961    .data               system_stm32h7xx.o
    0x24000034   0x08005e54   0x00000008   Data   RW         4007    .data               ad9910.o
    0x2400003c        -       0x000000f8   Zero   RW           20    .bss                main.o
    0x24000134        -       0x000003d8   Zero   RW          418    .bss                usart2.o
    0x2400050c        -       0x00000010   Zero   RW          420    .bss                usart2.o
    0x2400051c        -       0x00003814   Zero   RW          503    .bss                adc.o
    0x24003d30        -       0x00000060   Zero   RW         5004    .bss                c_w.l(libspace.o)
    0x24003d90        -       0x00000200   Zero   RW            2    HEAP                startup_stm32h750xx.o
    0x24003f90        -       0x00000400   Zero   RW            1    STACK               startup_stm32h750xx.o


==============================================================================

Image component sizes


      Code (inc. data)   RO Data    RW Data    ZI Data      Debug   Object Name

       572         66         12          8          0       4352   ad9910.o
       428         44          0          0      14356       2822   adc.o
      1820        242          0         12        248    1303299   main.o
        72         30        664          0       1536        848   startup_stm32h750xx.o
       232         44          0         12          0      23520   stm32h7xx_hal.o
      3036        278          0          0          0      76262   stm32h7xx_hal_adc.o
       460         32          0          0          0      64425   stm32h7xx_hal_adc_ex.o
       354         28          0          0          0      41009   stm32h7xx_hal_cortex.o
      1404         70          0          0          0       3903   stm32h7xx_hal_dma.o
       564         50          0          0          0       1688   stm32h7xx_hal_gpio.o
       328         30          0          0          0       2551   stm32h7xx_hal_msp.o
        84          6          0          0          0        793   stm32h7xx_hal_pwr_ex.o
      2466        102          0          0          0       7216   stm32h7xx_hal_rcc.o
      4776        174          0          0          0      10623   stm32h7xx_hal_rcc_ex.o
      4348        196         24          0          0      37482   stm32h7xx_hal_uart.o
       290          6         16          0          0       5558   stm32h7xx_hal_uart_ex.o
        32          6          0          0          0       4662   stm32h7xx_it.o
       276         48         16          8          0       2021   system_stm32h7xx.o
       436         68          0         17       1000       5418   usart2.o

    ----------------------------------------------------------------------
     21992       1520        766         60      17140    1598452   Object Totals
         0          0         32          0          0          0   (incl. Generated)
        14          0          2          3          0          0   (incl. Padding)

    ----------------------------------------------------------------------

      Code (inc. data)   RO Data    RW Data    ZI Data      Debug   Library Member Name

         8          0          0          0          0         68   __main.o
       184          0          0          0          0         84   __printf_ss.o
         0          0          0          0          0          0   __rtentry.o
        12          0          0          0          0          0   __rtentry2.o
         6          0          0          0          0          0   __rtentry4.o
        52          8          0          0          0          0   __scatter.o
        26          0          0          0          0          0   __scatter_copy.o
        28          0          0          0          0          0   __scatter_zi.o
        44          0          0          0          0        108   _printf_char.o
        48          6          0          0          0         96   _printf_char_common.o
       120         16          0          0          0         92   _printf_dec.o
       178          0          0          0          0         88   _printf_intcommon.o
         0          0          0          0          0          0   _printf_percent.o
         4          0          0          0          0          0   _printf_percent_end.o
         6          0          0          0          0          0   _printf_s.o
        82          0          0          0          0         80   _printf_str.o
         6          0          0          0          0          0   _printf_u.o
        10          0          0          0          0         68   _sputc.o
        18          0          0          0          0         80   exit.o
         6          0          0          0          0        152   heapauxi.o
         0          0          0          0          0          0   indicate_semi.o
         2          0          0          0          0          0   libinit.o
         6          0          0          0          0          0   libinit2.o
         2          0          0          0          0          0   libshutdown.o
         2          0          0          0          0          0   libshutdown2.o
         8          4          0          0         96         68   libspace.o
       238          0          0          0          0        100   lludivv7m.o
        40          6          0          0          0         84   noretval__2sprintf.o
        78          0          0          0          0         80   rt_memclr_w.o
         2          0          0          0          0          0   rtexit.o
        10          0          0          0          0          0   rtexit2.o
        12          4          0          0          0         68   sys_exit.o
        74          0          0          0          0         80   sys_stackheap_outer.o
         2          0          0          0          0         68   use_no_semi.o
        10          0          0          0          0        116   fpinit.o

    ----------------------------------------------------------------------
      1338         44          0          0         96       1580   Library Totals
        14          0          0          0          0          0   (incl. Padding)

    ----------------------------------------------------------------------

      Code (inc. data)   RO Data    RW Data    ZI Data      Debug   Library Name

      1314         44          0          0         96       1464   c_w.l
        10          0          0          0          0        116   fz_wv.l

    ----------------------------------------------------------------------
      1338         44          0          0         96       1580   Library Totals

    ----------------------------------------------------------------------

==============================================================================


      Code (inc. data)   RO Data    RW Data    ZI Data      Debug   

     23330       1564        766         60      17236    1589456   Grand Totals
     23330       1564        766         60      17236    1589456   ELF Image Totals
     23330       1564        766         60          0          0   ROM Totals

==============================================================================

    Total RO  Size (Code + RO Data)                24096 (  23.53kB)
    Total RW  Size (RW Data + ZI Data)             17296 (  16.89kB)
    Total ROM Size (Code + RO Data + RW Data)      24156 (  23.59kB)

==============================================================================

